Component: ARM Compiler 5.06 update 7 (build 960) Tool: armlink [4d3601]

==============================================================================

Section Cross References

    startup_stm32f407xx.o(STACK) refers (Special) to heapauxi.o(.text) for __use_two_region_memory
    startup_stm32f407xx.o(HEAP) refers (Special) to heapauxi.o(.text) for __use_two_region_memory
    startup_stm32f407xx.o(RESET) refers (Special) to heapauxi.o(.text) for __use_two_region_memory
    startup_stm32f407xx.o(RESET) refers to startup_stm32f407xx.o(STACK) for __initial_sp
    startup_stm32f407xx.o(RESET) refers to startup_stm32f407xx.o(.text) for Reset_Handler
    startup_stm32f407xx.o(RESET) refers to stm32f4xx_it.o(i.NMI_Handler) for NMI_Handler
    startup_stm32f407xx.o(RESET) refers to stm32f4xx_it.o(i.HardFault_Handler) for HardFault_Handler
    startup_stm32f407xx.o(RESET) refers to stm32f4xx_it.o(i.MemManage_Handler) for MemManage_Handler
    startup_stm32f407xx.o(RESET) refers to stm32f4xx_it.o(i.BusFault_Handler) for BusFault_Handler
    startup_stm32f407xx.o(RESET) refers to stm32f4xx_it.o(i.UsageFault_Handler) for UsageFault_Handler
    startup_stm32f407xx.o(RESET) refers to port.o(.emb_text) for SVC_Handler
    startup_stm32f407xx.o(RESET) refers to stm32f4xx_it.o(i.DebugMon_Handler) for DebugMon_Handler
    startup_stm32f407xx.o(RESET) refers to stm32f4xx_it.o(i.SysTick_Handler) for SysTick_Handler
    startup_stm32f407xx.o(RESET) refers to stm32f4xx_it.o(i.EXTI0_IRQHandler) for EXTI0_IRQHandler
    startup_stm32f407xx.o(RESET) refers to stm32f4xx_it.o(i.EXTI3_IRQHandler) for EXTI3_IRQHandler
    startup_stm32f407xx.o(RESET) refers to stm32f4xx_it.o(i.EXTI4_IRQHandler) for EXTI4_IRQHandler
    startup_stm32f407xx.o(RESET) refers to stm32f4xx_it.o(i.CAN1_RX0_IRQHandler) for CAN1_RX0_IRQHandler
    startup_stm32f407xx.o(RESET) refers to stm32f4xx_it.o(i.EXTI9_5_IRQHandler) for EXTI9_5_IRQHandler
    startup_stm32f407xx.o(RESET) refers to remote_control.o(i.USART3_IRQHandler) for USART3_IRQHandler
    startup_stm32f407xx.o(RESET) refers to stm32f4xx_it.o(i.TIM8_UP_TIM13_IRQHandler) for TIM8_UP_TIM13_IRQHandler
    startup_stm32f407xx.o(RESET) refers to bsp_i2c.o(i.DMA1_Stream7_IRQHandler) for DMA1_Stream7_IRQHandler
    startup_stm32f407xx.o(RESET) refers to stm32f4xx_it.o(i.DMA2_Stream1_IRQHandler) for DMA2_Stream1_IRQHandler
    startup_stm32f407xx.o(RESET) refers to ins_task.o(i.DMA2_Stream2_IRQHandler) for DMA2_Stream2_IRQHandler
    startup_stm32f407xx.o(RESET) refers to stm32f4xx_it.o(i.CAN2_RX0_IRQHandler) for CAN2_RX0_IRQHandler
    startup_stm32f407xx.o(RESET) refers to stm32f4xx_it.o(i.OTG_FS_IRQHandler) for OTG_FS_IRQHandler
    startup_stm32f407xx.o(RESET) refers to stm32f4xx_it.o(i.DMA2_Stream5_IRQHandler) for DMA2_Stream5_IRQHandler
    startup_stm32f407xx.o(RESET) refers to stm32f4xx_it.o(i.DMA2_Stream6_IRQHandler) for DMA2_Stream6_IRQHandler
    startup_stm32f407xx.o(.text) refers (Special) to heapauxi.o(.text) for __use_two_region_memory
    startup_stm32f407xx.o(.text) refers to system_stm32f4xx.o(i.SystemInit) for SystemInit
    startup_stm32f407xx.o(.text) refers to __main.o(!!!main) for __main
    startup_stm32f407xx.o(.text) refers to startup_stm32f407xx.o(HEAP) for Heap_Mem
    startup_stm32f407xx.o(.text) refers to startup_stm32f407xx.o(STACK) for Stack_Mem
    main.o(i.SystemClock_Config) refers to rt_memclr_w.o(.text) for __aeabi_memclr4
    main.o(i.SystemClock_Config) refers to stm32f4xx_hal_rcc.o(i.HAL_RCC_OscConfig) for HAL_RCC_OscConfig
    main.o(i.SystemClock_Config) refers to main.o(i.Error_Handler) for Error_Handler
    main.o(i.SystemClock_Config) refers to stm32f4xx_hal_rcc.o(i.HAL_RCC_ClockConfig) for HAL_RCC_ClockConfig
    main.o(i.SystemClock_Config) refers to stm32f4xx_hal_rcc_ex.o(i.HAL_RCCEx_PeriphCLKConfig) for HAL_RCCEx_PeriphCLKConfig
    main.o(i.main) refers to stm32f4xx_hal.o(i.HAL_Init) for HAL_Init
    main.o(i.main) refers to main.o(i.SystemClock_Config) for SystemClock_Config
    main.o(i.main) refers to gpio.o(i.MX_GPIO_Init) for MX_GPIO_Init
    main.o(i.main) refers to dma.o(i.MX_DMA_Init) for MX_DMA_Init
    main.o(i.main) refers to adc.o(i.MX_ADC1_Init) for MX_ADC1_Init
    main.o(i.main) refers to adc.o(i.MX_ADC3_Init) for MX_ADC3_Init
    main.o(i.main) refers to can.o(i.MX_CAN1_Init) for MX_CAN1_Init
    main.o(i.main) refers to can.o(i.MX_CAN2_Init) for MX_CAN2_Init
    main.o(i.main) refers to i2c.o(i.MX_I2C1_Init) for MX_I2C1_Init
    main.o(i.main) refers to spi.o(i.MX_SPI1_Init) for MX_SPI1_Init
    main.o(i.main) refers to tim.o(i.MX_TIM4_Init) for MX_TIM4_Init
    main.o(i.main) refers to tim.o(i.MX_TIM5_Init) for MX_TIM5_Init
    main.o(i.main) refers to usart.o(i.MX_USART3_UART_Init) for MX_USART3_UART_Init
    main.o(i.main) refers to tim.o(i.MX_TIM8_Init) for MX_TIM8_Init
    main.o(i.main) refers to crc.o(i.MX_CRC_Init) for MX_CRC_Init
    main.o(i.main) refers to rng.o(i.MX_RNG_Init) for MX_RNG_Init
[...]
    __fpl_fretinf                            0x080114d3   Thumb Code    10  fretinf.o(x$fpl$fretinf)
    __funder                                 0x080114dd   Thumb Code   254  funder_clz.o(x$fpl$funder)
    __funder_d                               0x080115db   Thumb Code    62  funder_clz.o(x$fpl$funder)
    __fpl_return_NaN                         0x08011619   Thumb Code   178  retnan.o(x$fpl$retnan)
    __ARM_scalbn                             0x080116cd   Thumb Code   270  scalbn_clz.o(x$fpl$scalbn)
    _fp_trapveneer                           0x080117e1   Thumb Code    36  trapv.o(x$fpl$trapveneer)
    __fpl_cmpreturn                          0x08011805   Thumb Code    90  trapv.o(x$fpl$trapveneer)
    __I$use$fp                               0x0801185e   Number         0  usenofp.o(x$fpl$usenofp)
    AHBPrescTable                            0x08011898   Data          16  system_stm32f4xx.o(.constdata)
    APBPrescTable                            0x080118a8   Data           8  system_stm32f4xx.o(.constdata)
    sinTable_f32                             0x08011904   Data        2052  arm_common_tables.o(.constdata)
    __mathlib_zero                           0x08012228   Data           8  qnan.o(.constdata)
    Region$$Table$$Base                      0x08012244   Number         0  anon$$obj.o(Region$$Table)
    Region$$Table$$Limit                     0x08012264   Number         0  anon$$obj.o(Region$$Table)
    OverrunFlags                             0x20000000   Data           1  main.o(.data)
    autoReloadTimerLoopVal_S                 0x20000004   Data           4  main.o(.data)
    remainAutoReloadTimerLoopVal_S           0x20000008   Data           4  main.o(.data)
    chassisTaskHandle                        0x2000000c   Data           4  freertos.o(.data)
    imuTaskHandle                            0x20000010   Data           4  freertos.o(.data)
    hcrc                                     0x20000018   Data           8  crc.o(.data)
    ttt                                      0x20000020   Data           4  tim.o(.data)
    SystemCoreClock                          0x20000024   Data           4  system_stm32f4xx.o(.data)
    voltage_vrefint_proportion               0x20000028   Data           4  bsp_adc.o(.data)
    calibrate_task_stack                     0x20000044   Data           4  calibrate_task.o(.data)
    cali_hook_fun                            0x20000074   Data          20  calibrate_task.o(.data)
    chassis_behaviour_mode                   0x200000a9   Data           1  chassis_behaviour.o(.data)
    chassis_behaviour_mode_last              0x200000aa   Data           1  chassis_behaviour.o(.data)
    kx                                       0x200000ac   Data           4  chassis_task.o(.data)
    ky                                       0x200000b0   Data           4  chassis_task.o(.data)
    kw                                       0x200000b4   Data           4  chassis_task.o(.data)
    linkState_2                              0x200000b8   Data           4  chassis_task.o(.data)
    linkState_1                              0x200000bc   Data           4  chassis_task.o(.data)
    motor_speed_pid                          0x200000c0   Data          12  chassis_task.o(.data)
    power_buffer_pid                         0x200000cc   Data          12  chassis_task.o(.data)
    rudder_pid                               0x200000d8   Data          32  chassis_task.o(.data)
    gyro_update_flag                         0x200000f8   Data           1  ins_task.o(.data)
    accel_update_flag                        0x200000f9   Data           1  ins_task.o(.data)
    accel_temp_update_flag                   0x200000fa   Data           1  ins_task.o(.data)
    mag_update_flag                          0x200000fb   Data           1  ins_task.o(.data)
    imu_start_dma_flag                       0x200000fc   Data           1  ins_task.o(.data)
    accel_temp_dma_tx_buf                    0x200000ff   Data           4  ins_task.o(.data)
    accel_temp_dma_rx_buf                    0x2000010c   Data           4  ins_task.o(.data)
    gyro_dma_tx_buf                          0x20000110   Data           8  ins_task.o(.data)
    gyro_dma_rx_buf                          0x20000118   Data           8  ins_task.o(.data)
    accel_dma_tx_buf                         0x20000120   Data           9  ins_task.o(.data)
    gyro_scale_factor                        0x2000012c   Data          36  ins_task.o(.data)
    accel_scale_factor                       0x20000150   Data          36  ins_task.o(.data)
    mag_scale_factor                         0x20000174   Data          36  ins_task.o(.data)
    BMI088_ACCEL_SEN                         0x2000019c   Data           4  bmi088driver.o(.data)
    BMI088_GYRO_SEN                          0x200001a0   Data           4  bmi088driver.o(.data)
    uwTickFreq                               0x200001d4   Data           1  stm32f4xx_hal.o(.data)
    uwTickPrio                               0x200001d8   Data           4  stm32f4xx_hal.o(.data)
    uwTick                                   0x200001dc   Data           4  stm32f4xx_hal.o(.data)
    pxCurrentTCB                             0x200001e0   Data           4  tasks.o(.data)
    hadc1                                    0x20000910   Data          72  adc.o(.bss)
    hadc3                                    0x20000958   Data          72  adc.o(.bss)
    hcan1                                    0x200009a0   Data          40  can.o(.bss)
    hcan2                                    0x200009c8   Data          40  can.o(.bss)
    hi2c1                                    0x200009f0   Data          84  i2c.o(.bss)
    hi2c2                                    0x20000a44   Data          84  i2c.o(.bss)
    hi2c3                                    0x20000a98   Data          84  i2c.o(.bss)
    hdma_i2c2_tx                             0x20000aec   Data          96  i2c.o(.bss)
    hrng                                     0x20000b4c   Data          16  rng.o(.bss)
    hrtc                                     0x20000b5c   Data          32  rtc.o(.bss)
    hspi1                                    0x20000b7c   Data          88  spi.o(.bss)
    hspi2                                    0x20000bd4   Data          88  spi.o(.bss)
    hdma_spi1_rx                             0x20000c2c   Data          96  spi.o(.bss)
    hdma_spi1_tx                             0x20000c8c   Data          96  spi.o(.bss)
    htim1                                    0x20000cec   Data          64  tim.o(.bss)
    htim3                                    0x20000d2c   Data          64  tim.o(.bss)
    htim4                                    0x20000d6c   Data          64  tim.o(.bss)
    htim5                                    0x20000dac   Data          64  tim.o(.bss)
    htim8                                    0x20000dec   Data          64  tim.o(.bss)
    htim10                                   0x20000e2c   Data          64  tim.o(.bss)
    huart1                                   0x20000e6c   Data          64  usart.o(.bss)
    huart3                                   0x20000eac   Data          64  usart.o(.bss)
    huart6                                   0x20000eec   Data          64  usart.o(.bss)
    hdma_usart1_rx                           0x20000f2c   Data          96  usart.o(.bss)
    hdma_usart3_rx                           0x20000f8c   Data          96  usart.o(.bss)
    hdma_usart6_rx                           0x20000fec   Data          96  usart.o(.bss)
    hdma_usart6_tx                           0x2000104c   Data          96  usart.o(.bss)
    hpcd_USB_OTG_FS                          0x200010ac   Data        1032  usbd_conf.o(.bss)
    hdma_usart1_tx                           0x200014c4   Data          96  bsp_usart.o(.bss)
    get_cap                                  0x200015bc   Data          16  can_receive.o(.bss)
    get_POWER                                0x200015cc   Data          16  can_receive.o(.bss)
    chassis_move                             0x2000163c   Data        1952  chassis_task.o(.bss)
    INS_angle                                0x20001e34   Data          12  ins_task.o(.bss)
    accel_dma_rx_buf                         0x20001e40   Data           9  ins_task.o(.bss)
    bmi088_real_data                         0x20001e4c   Data          36  ins_task.o(.bss)
    gyro_offset                              0x20001e70   Data          12  ins_task.o(.bss)
    gyro_cali_offset                         0x20001e7c   Data          12  ins_task.o(.bss)
    accel_offset                             0x20001e88   Data          12  ins_task.o(.bss)
    ist8310_real_data                        0x20001e94   Data          16  ins_task.o(.bss)
    mag_offset                               0x20001ea4   Data          12  ins_task.o(.bss)
    rc_ctrl                                  0x20001f28   Data          22  remote_control.o(.bss)
    error_list                               0x20001f86   Data         648  detect_task.o(.bss)
    xQueueRegistry                           0x20002210   Data          64  queue.o(.bss)
    __libspace_start                         0x20008450   Data          96  libspace.o(.bss)
    __temporary_stack_top$libspace           0x200084b0   Data           0  libspace.o(.bss)



==============================================================================

Memory Map of the image

  Image Entry point : 0x08000189

  Load Region LR_IROM1 (Base: 0x08000000, Size: 0x000124cc, Max: 0x00100000, ABSOLUTE, COMPRESSED[0x00012318])

    Execution Region ER_IROM1 (Exec base: 0x08000000, Load base: 0x08000000, Size: 0x00012264, Max: 0x00100000, ABSOLUTE)

    Exec Addr    Load Addr    Size         Type   Attr      Idx    E Section Name        Object

    0x08000000   0x08000000   0x00000188   Data   RO            3    RESET               startup_stm32f407xx.o
    0x08000188   0x08000188   0x00000008   Code   RO        11513  * !!!main             c_w.l(__main.o)
    0x08000190   0x08000190   0x00000034   Code   RO        12119    !!!scatter          c_w.l(__scatter.o)
    0x080001c4   0x080001c4   0x0000005a   Code   RO        12117    !!dczerorl2         c_w.l(__dczerorl2.o)
    0x0800021e   0x0800021e   0x00000002   PAD
    0x08000220   0x08000220   0x0000001c   Code   RO        12121    !!handler_zi        c_w.l(__scatter_zi.o)
    0x0800023c   0x0800023c   0x00000002   Code   RO        12047    .ARM.Collect$$libinit$$00000000  c_w.l(libinit.o)
    0x0800023e   0x0800023e   0x00000004   Code   RO        11780    .ARM.Collect$$libinit$$00000001  c_w.l(libinit2.o)
    0x08000242   0x08000242   0x00000000   Code   RO        11783    .ARM.Collect$$libinit$$00000004  c_w.l(libinit2.o)
    0x08000242   0x08000242   0x00000000   Code   RO        11786    .ARM.Collect$$libinit$$0000000A  c_w.l(libinit2.o)
    0x08000242   0x08000242   0x00000000   Code   RO        11788    .ARM.Collect$$libinit$$0000000C  c_w.l(libinit2.o)
    0x08000242   0x08000242   0x00000000   Code   RO        11790    .ARM.Collect$$libinit$$0000000E  c_w.l(libinit2.o)
    0x08000242   0x08000242   0x00000000   Code   RO        11793    .ARM.Collect$$libinit$$00000011  c_w.l(libinit2.o)
    0x08000242   0x08000242   0x00000000   Code   RO        11795    .ARM.Collect$$libinit$$00000013  c_w.l(libinit2.o)
    0x08000242   0x08000242   0x00000000   Code   RO        11797    .ARM.Collect$$libinit$$00000015  c_w.l(libinit2.o)
    0x08000242   0x08000242   0x00000000   Code   RO        11799    .ARM.Collect$$libinit$$00000017  c_w.l(libinit2.o)
    0x08000242   0x08000242   0x00000000   Code   RO        11801    .ARM.Collect$$libinit$$00000019  c_w.l(libinit2.o)
    0x08000242   0x08000242   0x00000000   Code   RO        11803    .ARM.Collect$$libinit$$0000001B  c_w.l(libinit2.o)
    0x08000242   0x08000242   0x00000000   Code   RO        11805    .ARM.Collect$$libinit$$0000001D  c_w.l(libinit2.o)
    0x08000242   0x08000242   0x00000000   Code   RO        11807    .ARM.Collect$$libinit$$0000001F  c_w.l(libinit2.o)
    0x08000242   0x08000242   0x00000000   Code   RO        11809    .ARM.Collect$$libinit$$00000021  c_w.l(libinit2.o)
    0x08000242   0x08000242   0x00000000   Code   RO        11811    .ARM.Collect$$libinit$$00000023  c_w.l(libinit2.o)
    0x08000242   0x08000242   0x00000000   Code   RO        11813    .ARM.Collect$$libinit$$00000025  c_w.l(libinit2.o)
    0x08000242   0x08000242   0x00000000   Code   RO        11817    .ARM.Collect$$libinit$$0000002C  c_w.l(libinit2.o)
    0x08000242   0x08000242   0x00000000   Code   RO        11819    .ARM.Collect$$libinit$$0000002E  c_w.l(libinit2.o)
    0x08000242   0x08000242   0x00000000   Code   RO        11821    .ARM.Collect$$libinit$$00000030  c_w.l(libinit2.o)
    0x08000242   0x08000242   0x00000000   Code   RO        11823    .ARM.Collect$$libinit$$00000032  c_w.l(libinit2.o)
    0x08000242   0x08000242   0x00000002   Code   RO        11824    .ARM.Collect$$libinit$$00000033  c_w.l(libinit2.o)
    0x08000244   0x08000244   0x00000002   Code   RO        12114    .ARM.Collect$$libshutdown$$00000000  c_w.l(libshutdown.o)
    0x08000246   0x08000246   0x00000000   Code   RO        12070    .ARM.Collect$$libshutdown$$00000002  c_w.l(libshutdown2.o)
    0x08000246   0x08000246   0x00000000   Code   RO        12072    .ARM.Collect$$libshutdown$$00000004  c_w.l(libshutdown2.o)
    0x08000246   0x08000246   0x00000000   Code   RO        12074    .ARM.Collect$$libshutdown$$00000006  c_w.l(libshutdown2.o)
    0x08000246   0x08000246   0x00000000   Code   RO        12077    .ARM.Collect$$libshutdown$$00000009  c_w.l(libshutdown2.o)
    0x08000246   0x08000246   0x00000000   Code   RO        12080    .ARM.Collect$$libshutdown$$0000000C  c_w.l(libshutdown2.o)
    0x08000246   0x08000246   0x00000000   Code   RO        12082    .ARM.Collect$$libshutdown$$0000000E  c_w.l(libshutdown2.o)
    0x08000246   0x08000246   0x00000000   Code   RO        12085    .ARM.Collect$$libshutdown$$00000011  c_w.l(libshutdown2.o)
    0x08000246   0x08000246   0x00000002   Code   RO        12086    .ARM.Collect$$libshutdown$$00000012  c_w.l(libshutdown2.o)
    0x08000248   0x08000248   0x00000000   Code   RO        11653    .ARM.Collect$$rtentry$$00000000  c_w.l(__rtentry.o)
    0x08000248   0x08000248   0x00000000   Code   RO        11918    .ARM.Collect$$rtentry$$00000002  c_w.l(__rtentry2.o)
    0x08000248   0x08000248   0x00000006   Code   RO        11930    .ARM.Collect$$rtentry$$00000004  c_w.l(__rtentry4.o)
    0x0800024e   0x0800024e   0x00000000   Code   RO        11920    .ARM.Collect$$rtentry$$00000009  c_w.l(__rtentry2.o)
    0x0800024e   0x0800024e   0x00000004   Code   RO        11921    .ARM.Collect$$rtentry$$0000000A  c_w.l(__rtentry2.o)
    0x08000252   0x08000252   0x00000000   Code   RO        11923    .ARM.Collect$$rtentry$$0000000C  c_w.l(__rtentry2.o)
    0x08000252   0x08000252   0x00000008   Code   RO        11924    .ARM.Collect$$rtentry$$0000000D  c_w.l(__rtentry2.o)
    0x0800025a   0x0800025a   0x00000002   Code   RO        12052    .ARM.Collect$$rtexit$$00000000  c_w.l(rtexit.o)
    0x0800025c   0x0800025c   0x00000000   Code   RO        12090    .ARM.Collect$$rtexit$$00000002  c_w.l(rtexit2.o)
    0x0800025c   0x0800025c   0x00000004   Code   RO        12091    .ARM.Collect$$rtexit$$00000003  c_w.l(rtexit2.o)
    0x08000260   0x08000260   0x00000006   Code   RO        12092    .ARM.Collect$$rtexit$$00000004  c_w.l(rtexit2.o)
    0x08000266   0x08000266   0x00000002   PAD
    0x08000268   0x08000268   0x000000be   Code   RO        10460    .emb_text           port.o
    0x08000326   0x08000326   0x00000002   PAD
    0x08000328   0x08000328   0x00000040   Code   RO            4    .text               startup_stm32f407xx.o
    0x08000368   0x08000368   0x00000078   Code   RO        11131    .text               arm_cortexM4lf_math.lib(arm_cos_f32.o)
    0x080003e0   0x080003e0   0x00000074   Code   RO        11184    .text               arm_cortexM4lf_math.lib(arm_sin_f32.o)
    0x08000454   0x08000454   0x000000ee   Code   RO        11495    .text               c_w.l(lludivv7m.o)
    0x08000542   0x08000542   0x0000003e   Code   RO        11499    .text               c_w.l(strlen.o)
    0x08000580   0x08000580   0x0000008a   Code   RO        11501    .text               c_w.l(rt_memcpy_v6.o)
    0x0800060a   0x0800060a   0x00000064   Code   RO        11503    .text               c_w.l(rt_memcpy_w.o)
    0x0800066e   0x0800066e   0x00000010   Code   RO        11507    .text               c_w.l(aeabi_memset.o)
    0x0800067e   0x0800067e   0x0000004e   Code   RO        11509    .text               c_w.l(rt_memclr_w.o)
    0x080006cc   0x080006cc   0x00000006   Code   RO        11511    .text               c_w.l(heapauxi.o)
    0x080006d2   0x080006d2   0x00000016   Code   RO        11683    .text               c_w.l(_rserrno.o)
    0x080006e8   0x080006e8   0x00000044   Code   RO        11776    .text               c_w.l(rt_memclr.o)
    0x0800072c   0x0800072c   0x00000008   Code   RO        11914    .text               c_w.l(libspace.o)
    0x08000734   0x08000734   0x00000008   Code   RO        11937    .text               c_w.l(rt_errno_addr_intlibspace.o)
    0x0800073c   0x0800073c   0x00000030   Code   RO        11949    .text               c_w.l(_fptrap.o)
    0x0800076c   0x0800076c   0x00000002   Code   RO        11982    .text               c_w.l(use_no_semi.o)
    0x0800076e   0x0800076e   0x00000000   Code   RO        11984    .text               c_w.l(indicate_semi.o)
    0x0800076e   0x0800076e   0x0000004a   Code   RO        11985    .text               c_w.l(sys_stackheap_outer.o)
    0x080007b8   0x080007b8   0x00000012   Code   RO        12028    .text               c_w.l(exit.o)
    0x080007ca   0x080007ca   0x0000000a   Code   RO        12030    .text               c_w.l(defsig_exit.o)
    0x080007d4   0x080007d4   0x0000000e   Code   RO        12032    .text               c_w.l(defsig_fpe_outer.o)
    0x080007e2   0x080007e2   0x00000002   PAD
    0x080007e4   0x080007e4   0x0000000c   Code   RO        12050    .text               c_w.l(sys_exit.o)
    0x080007f0   0x080007f0   0x00000032   Code   RO        12063    .text               c_w.l(defsig_general.o)
    0x08000822   0x08000822   0x00000002   PAD
    0x08000824   0x08000824   0x000000ac   Code   RO        12065    .text               c_w.l(defsig_fpe_inner.o)
    0x080008d0   0x080008d0   0x0000000e   Code   RO        12087    .text               c_w.l(sys_wrch.o)
    0x080008de   0x080008de   0x0000002a   Code   RO         4127    i.ABSLimit          pid.o
    0x08000908   0x08000908   0x00000130   Code   RO         5945    i.ADC_Init          stm32f4xx_hal_adc.o
    0x08000a38   0x08000a38   0x00000004   Code   RO         3522    i.AHRS_asinf        ahrs_middleware.o
    0x08000a3c   0x08000a3c   0x00000004   Code   RO         3523    i.AHRS_atan2f       ahrs_middleware.o
    0x08000a40   0x08000a40   0x00000004   Code   RO         3524    i.AHRS_cosf         ahrs_middleware.o
    0x08000a44   0x08000a44   0x0000001a   Code   RO        11041    i.AHRS_fabs         AHRS.lib(ahrs.o)
    0x08000a5e   0x08000a5e   0x00000002   PAD
    0x08000a60   0x08000a60   0x00000014   Code   RO         3525    i.AHRS_get_height   ahrs_middleware.o
    0x08000a74   0x08000a74   0x0000000e   Code   RO         3526    i.AHRS_get_latitude  ahrs_middleware.o
    0x08000a82   0x08000a82   0x00000002   PAD
    0x08000a84   0x08000a84   0x0000029c   Code   RO        11042    i.AHRS_init         AHRS.lib(ahrs.o)
    0x08000d20   0x08000d20   0x00000014   Code   RO         3527    i.AHRS_invSqrt      ahrs_middleware.o
    0x08000d34   0x08000d34   0x00000004   Code   RO         3528    i.AHRS_sinf         ahrs_middleware.o
    0x08000d38   0x08000d38   0x0000013a   Code   RO        11043    i.AHRS_update       AHRS.lib(ahrs.o)
    0x08000e72   0x08000e72   0x00000002   PAD
    0x08000e74   0x08000e74   0x00000010   Code   RO         3340    i.BMI088_ACCEL_NS_H  bmi088middleware.o
    0x08000e84   0x08000e84   0x00000010   Code   RO         3341    i.BMI088_ACCEL_NS_L  bmi088middleware.o
    0x08000e94   0x08000e94   0x00000002   Code   RO         3342    i.BMI088_GPIO_init  bmi088middleware.o
    0x08000e96   0x08000e96   0x00000002   PAD
    0x08000e98   0x08000e98   0x00000010   Code   RO         3343    i.BMI088_GYRO_NS_H  bmi088middleware.o
    0x08000ea8   0x08000ea8   0x00000010   Code   RO         3344    i.BMI088_GYRO_NS_L  bmi088middleware.o
    0x08000eb8   0x08000eb8   0x00000088   Code   RO         3204    i.BMI088_accel_read_over  bmi088driver.o
    0x08000f40   0x08000f40   0x00000002   Code   RO         3345    i.BMI088_com_init   bmi088middleware.o
    0x08000f42   0x08000f42   0x00000004   Code   RO         3346    i.BMI088_delay_ms   bmi088middleware.o
    0x08000f46   0x08000f46   0x00000004   Code   RO         3347    i.BMI088_delay_us   bmi088middleware.o
    0x08000f4a   0x08000f4a   0x00000002   PAD
    0x08000f4c   0x08000f4c   0x00000060   Code   RO         3205    i.BMI088_gyro_read_over  bmi088driver.o
    0x08000fac   0x08000fac   0x0000002e   Code   RO         3206    i.BMI088_init       bmi088driver.o
    0x08000fda   0x08000fda   0x00000002   PAD
    0x08000fdc   0x08000fdc   0x0000015c   Code   RO         3207    i.BMI088_read       bmi088driver.o
    0x08001138   0x08001138   0x00000024   Code   RO         3210    i.BMI088_read_muli_reg  bmi088driver.o
    0x0800115c   0x0800115c   0x00000016   Code   RO         3211    i.BMI088_read_single_reg  bmi088driver.o
    0x08001172   0x08001172   0x00000002   PAD
    0x08001174   0x08001174   0x00000020   Code   RO         3348    i.BMI088_read_write_byte  bmi088middleware.o
    0x08001194   0x08001194   0x00000030   Code   RO         3212    i.BMI088_temperature_read_over  bmi088driver.o
    0x080011c4   0x080011c4   0x00000012   Code   RO         3213    i.BMI088_write_single_reg  bmi088driver.o
    0x080011d6   0x080011d6   0x00000002   Code   RO         1465    i.BusFault_Handler  stm32f4xx_it.o
    0x080011d8   0x080011d8   0x0000000c   Code   RO         1466    i.CAN1_RX0_IRQHandler  stm32f4xx_it.o
    0x080011e4   0x080011e4   0x0000000c   Code   RO         1467    i.CAN2_RX0_IRQHandler  stm32f4xx_it.o
    0x080011f0   0x080011f0   0x00000038   Code   RO         2500    i.CAN_CMD_cap       can_receive.o
    0x08001228   0x08001228   0x00000048   Code   RO         2501    i.CAN_cmd_chassis   can_receive.o
    0x08001270   0x08001270   0x00000048   Code   RO         2503    i.CAN_cmd_rudder    can_receive.o
    0x080012b8   0x080012b8   0x00000066   Code   RO         2687    i.CHASSIC_MOTOR_PID_CONTROL  chassis_task.o
    0x0800131e   0x0800131e   0x00000002   PAD
    0x08001320   0x08001320   0x00000364   Code   RO         2688    i.CHASSIC_MOTOR_POWER_CONTROL  chassis_task.o
    0x08001684   0x08001684   0x00000058   Code   RO         2067    i.DMA1_Stream7_IRQHandler  bsp_i2c.o
    0x080016dc   0x080016dc   0x0000000c   Code   RO         1468    i.DMA2_Stream1_IRQHandler  stm32f4xx_it.o
    0x080016e8   0x080016e8   0x000004bc   Code   RO         2834    i.DMA2_Stream2_IRQHandler  ins_task.o
    0x08001ba4   0x08001ba4   0x0000000c   Code   RO         1469    i.DMA2_Stream5_IRQHandler  stm32f4xx_it.o
    0x08001bb0   0x08001bb0   0x0000000c   Code   RO         1470    i.DMA2_Stream6_IRQHandler  stm32f4xx_it.o
    0x08001bbc   0x08001bbc   0x0000002c   Code   RO         5272    i.DMA_CalcBaseAndBitshift  stm32f4xx_hal_dma.o
    0x08001be8   0x08001be8   0x00000078   Code   RO         5273    i.DMA_CheckFifoParam  stm32f4xx_hal_dma.o
    0x08001c60   0x08001c60   0x00000002   Code   RO         1471    i.DebugMon_Handler  stm32f4xx_it.o
    0x08001c62   0x08001c62   0x00000006   Code   RO         1472    i.EXTI0_IRQHandler  stm32f4xx_it.o
    0x08001c68   0x08001c68   0x00000006   Code   RO         1473    i.EXTI3_IRQHandler  stm32f4xx_it.o
    0x08001c6e   0x08001c6e   0x00000006   Code   RO         1474    i.EXTI4_IRQHandler  stm32f4xx_it.o
    0x08001c74   0x08001c74   0x00000006   Code   RO         1475    i.EXTI9_5_IRQHandler  stm32f4xx_it.o
    0x08001c7a   0x08001c7a   0x00000002   Code   RO           13    i.Error_Handler     main.o
    0x08001c7c   0x08001c7c   0x00000158   Code   RO         5947    i.HAL_ADC_ConfigChannel  stm32f4xx_hal_adc.o
    0x08001dd4   0x08001dd4   0x00000006   Code   RO         5954    i.HAL_ADC_GetValue  stm32f4xx_hal_adc.o
    0x08001dda   0x08001dda   0x00000054   Code   RO         5956    i.HAL_ADC_Init      stm32f4xx_hal_adc.o
    0x08001e2e   0x08001e2e   0x00000002   PAD
    0x08001e30   0x08001e30   0x0000007c   Code   RO          581    i.HAL_ADC_MspInit   adc.o
    0x08001eac   0x08001eac   0x000000a2   Code   RO         5960    i.HAL_ADC_PollForConversion  stm32f4xx_hal_adc.o
    0x08001f4e   0x08001f4e   0x00000002   PAD
    0x08001f50   0x08001f50   0x00000104   Code   RO         5962    i.HAL_ADC_Start     stm32f4xx_hal_adc.o
    0x08002054   0x08002054   0x00000024   Code   RO         6218    i.HAL_CAN_ActivateNotification  stm32f4xx_hal_can.o
    0x08002078   0x08002078   0x000000f2   Code   RO         6219    i.HAL_CAN_AddTxMessage  stm32f4xx_hal_can.o
    0x0800216a   0x0800216a   0x00000002   PAD
    0x0800216c   0x0800216c   0x00000110   Code   RO         6220    i.HAL_CAN_ConfigFilter  stm32f4xx_hal_can.o
    0x0800227c   0x0800227c   0x00000002   Code   RO         6223    i.HAL_CAN_ErrorCallback  stm32f4xx_hal_can.o
    0x0800227e   0x0800227e   0x00000104   Code   RO         6226    i.HAL_CAN_GetRxMessage  stm32f4xx_hal_can.o
    0x08002382   0x08002382   0x000001fc   Code   RO         6230    i.HAL_CAN_IRQHandler  stm32f4xx_hal_can.o
    0x0800257e   0x0800257e   0x00000152   Code   RO         6231    i.HAL_CAN_Init      stm32f4xx_hal_can.o
    0x080026d0   0x080026d0   0x00000100   Code   RO          629    i.HAL_CAN_MspInit   can.o
    0x080027d0   0x080027d0   0x00000002   Code   RO         6238    i.HAL_CAN_RxFifo0FullCallback  stm32f4xx_hal_can.o
    0x080027d2   0x080027d2   0x00000002   PAD
    0x080027d4   0x080027d4   0x00000344   Code   RO         2504    i.HAL_CAN_RxFifo0MsgPendingCallback  can_receive.o
    0x08002b18   0x08002b18   0x00000002   Code   RO         6240    i.HAL_CAN_RxFifo1FullCallback  stm32f4xx_hal_can.o
    0x08002b1a   0x08002b1a   0x00000002   Code   RO         6241    i.HAL_CAN_RxFifo1MsgPendingCallback  stm32f4xx_hal_can.o
    0x08002b1c   0x08002b1c   0x00000002   Code   RO         6242    i.HAL_CAN_SleepCallback  stm32f4xx_hal_can.o
    0x08002b1e   0x08002b1e   0x00000058   Code   RO         6243    i.HAL_CAN_Start     stm32f4xx_hal_can.o
    0x08002b76   0x08002b76   0x00000002   Code   RO         6245    i.HAL_CAN_TxMailbox0AbortCallback  stm32f4xx_hal_can.o
    0x08002b78   0x08002b78   0x00000002   Code   RO         6246    i.HAL_CAN_TxMailbox0CompleteCallback  stm32f4xx_hal_can.o
    0x08002b7a   0x08002b7a   0x00000002   Code   RO         6247    i.HAL_CAN_TxMailbox1AbortCallback  stm32f4xx_hal_can.o
    0x08002b7c   0x08002b7c   0x00000002   Code   RO         6248    i.HAL_CAN_TxMailbox1CompleteCallback  stm32f4xx_hal_can.o
    0x08002b7e   0x08002b7e   0x00000002   Code   RO         6249    i.HAL_CAN_TxMailbox2AbortCallback  stm32f4xx_hal_can.o
    0x08002b80   0x08002b80   0x00000002   Code   RO         6250    i.HAL_CAN_TxMailbox2CompleteCallback  stm32f4xx_hal_can.o
    0x08002b82   0x08002b82   0x00000002   Code   RO         6252    i.HAL_CAN_WakeUpFromRxMsgCallback  stm32f4xx_hal_can.o
    0x08002b84   0x08002b84   0x00000028   Code   RO         6455    i.HAL_CRC_Init      stm32f4xx_hal_crc.o
    0x08002bac   0x08002bac   0x00000028   Code   RO          678    i.HAL_CRC_MspInit   crc.o
    0x08002bd4   0x08002bd4   0x000001d0   Code   RO         5280    i.HAL_DMA_IRQHandler  stm32f4xx_hal_dma.o
    0x08002da4   0x08002da4   0x000000d4   Code   RO         5281    i.HAL_DMA_Init      stm32f4xx_hal_dma.o
    0x08002e78   0x08002e78   0x00000084   Code   RO         2835    i.HAL_GPIO_EXTI_Callback  ins_task.o
    0x08002efc   0x08002efc   0x00000018   Code   RO         5167    i.HAL_GPIO_EXTI_IRQHandler  stm32f4xx_hal_gpio.o
    0x08002f14   0x08002f14   0x000001c4   Code   RO         5168    i.HAL_GPIO_Init     stm32f4xx_hal_gpio.o
    0x080030d8   0x080030d8   0x0000000e   Code   RO         5172    i.HAL_GPIO_WritePin  stm32f4xx_hal_gpio.o
    0x080030e6   0x080030e6   0x00000002   PAD
    0x080030e8   0x080030e8   0x0000000c   Code   RO         5700    i.HAL_GetTick       stm32f4xx_hal.o
    0x080030f4   0x080030f4   0x00000184   Code   RO         6522    i.HAL_I2C_Init      stm32f4xx_hal_i2c.o
    0x08003278   0x08003278   0x0000028c   Code   RO         6540    i.HAL_I2C_Mem_Read  stm32f4xx_hal_i2c.o
    0x08003504   0x08003504   0x00000144   Code   RO         6543    i.HAL_I2C_Mem_Write  stm32f4xx_hal_i2c.o
    0x08003648   0x08003648   0x00000184   Code   RO          744    i.HAL_I2C_MspInit   i2c.o
    0x080037cc   0x080037cc   0x00000010   Code   RO         5706    i.HAL_IncTick       stm32f4xx_hal.o
    0x080037dc   0x080037dc   0x00000034   Code   RO         5707    i.HAL_Init          stm32f4xx_hal.o
    0x08003810   0x08003810   0x00000044   Code   RO         5708    i.HAL_InitTick      stm32f4xx_hal.o
    0x08003854   0x08003854   0x00000038   Code   RO         1592    i.HAL_MspInit       stm32f4xx_hal_msp.o
    0x0800388c   0x0800388c   0x0000001a   Code   RO         5557    i.HAL_NVIC_EnableIRQ  stm32f4xx_hal_cortex.o
    0x080038a6   0x080038a6   0x00000002   PAD
    0x080038a8   0x080038a8   0x00000040   Code   RO         5563    i.HAL_NVIC_SetPriority  stm32f4xx_hal_cortex.o
    0x080038e8   0x080038e8   0x00000024   Code   RO         5564    i.HAL_NVIC_SetPriorityGrouping  stm32f4xx_hal_cortex.o
    0x0800390c   0x0800390c   0x00000002   Code   RO         4421    i.HAL_PCDEx_LPM_Callback  stm32f4xx_hal_pcd_ex.o
    0x0800390e   0x0800390e   0x00000008   Code   RO         1123    i.HAL_PCD_ConnectCallback  usbd_conf.o
    0x08003916   0x08003916   0x00000012   Code   RO         1124    i.HAL_PCD_DataInStageCallback  usbd_conf.o
    0x08003928   0x08003928   0x00000014   Code   RO         1125    i.HAL_PCD_DataOutStageCallback  usbd_conf.o
    0x0800393c   0x0800393c   0x00000008   Code   RO         1126    i.HAL_PCD_DisconnectCallback  usbd_conf.o
    0x08003944   0x08003944   0x00000058   Code   RO         4205    i.HAL_PCD_EP_ClrStall  stm32f4xx_hal_pcd.o
    0x0800399c   0x0800399c   0x0000005c   Code   RO         4208    i.HAL_PCD_EP_Open   stm32f4xx_hal_pcd.o
    0x080039f8   0x080039f8   0x00000042   Code   RO         4209    i.HAL_PCD_EP_Receive  stm32f4xx_hal_pcd.o
    0x08003a3a   0x08003a3a   0x00000070   Code   RO         4210    i.HAL_PCD_EP_SetStall  stm32f4xx_hal_pcd.o
    0x08003aaa   0x08003aaa   0x00000042   Code   RO         4211    i.HAL_PCD_EP_Transmit  stm32f4xx_hal_pcd.o
    0x08003aec   0x08003aec   0x000003ee   Code   RO         4213    i.HAL_PCD_IRQHandler  stm32f4xx_hal_pcd.o
    0x08003eda   0x08003eda   0x00000008   Code   RO         1127    i.HAL_PCD_ISOINIncompleteCallback  usbd_conf.o
    0x08003ee2   0x08003ee2   0x00000008   Code   RO         1128    i.HAL_PCD_ISOOUTIncompleteCallback  usbd_conf.o
    0x08003eea   0x08003eea   0x0000002e   Code   RO         1131    i.HAL_PCD_ResetCallback  usbd_conf.o
    0x08003f18   0x08003f18   0x00000008   Code   RO         1132    i.HAL_PCD_ResumeCallback  usbd_conf.o
    0x08003f20   0x08003f20   0x00000008   Code   RO         1133    i.HAL_PCD_SOFCallback  usbd_conf.o
    0x08003f28   0x08003f28   0x00000028   Code   RO         4222    i.HAL_PCD_SetAddress  stm32f4xx_hal_pcd.o
    0x08003f50   0x08003f50   0x0000000e   Code   RO         1134    i.HAL_PCD_SetupStageCallback  usbd_conf.o
    0x08003f5e   0x08003f5e   0x00000002   PAD
    0x08003f60   0x08003f60   0x00000030   Code   RO         1135    i.HAL_PCD_SuspendCallback  usbd_conf.o
    0x08003f90   0x08003f90   0x00000148   Code   RO         4874    i.HAL_RCCEx_PeriphCLKConfig  stm32f4xx_hal_rcc_ex.o
    0x080040d8   0x080040d8   0x00000144   Code   RO         4769    i.HAL_RCC_ClockConfig  stm32f4xx_hal_rcc.o
    0x0800421c   0x0800421c   0x0000000c   Code   RO         4774    i.HAL_RCC_GetHCLKFreq  stm32f4xx_hal_rcc.o
    0x08004228   0x08004228   0x00000020   Code   RO         4776    i.HAL_RCC_GetPCLK1Freq  stm32f4xx_hal_rcc.o
    0x08004248   0x08004248   0x00000020   Code   RO         4777    i.HAL_RCC_GetPCLK2Freq  stm32f4xx_hal_rcc.o
    0x08004268   0x08004268   0x0000006c   Code   RO         4778    i.HAL_RCC_GetSysClockFreq  stm32f4xx_hal_rcc.o
    0x080042d4   0x080042d4   0x00000390   Code   RO         4781    i.HAL_RCC_OscConfig  stm32f4xx_hal_rcc.o
    0x08004664   0x08004664   0x00000034   Code   RO         7000    i.HAL_RNG_Init      stm32f4xx_hal_rng.o
    0x08004698   0x08004698   0x00000028   Code   RO          798    i.HAL_RNG_MspInit   rng.o
    0x080046c0   0x080046c0   0x000000b8   Code   RO         7101    i.HAL_RTC_Init      stm32f4xx_hal_rtc.o
    0x08004778   0x08004778   0x00000018   Code   RO          840    i.HAL_RTC_MspInit   rtc.o
    0x08004790   0x08004790   0x00000034   Code   RO         7109    i.HAL_RTC_WaitForSynchro  stm32f4xx_hal_rtc.o
    0x080047c4   0x080047c4   0x00000082   Code   RO         7470    i.HAL_SPI_Init      stm32f4xx_hal_spi.o
    0x08004846   0x08004846   0x00000002   PAD
    0x08004848   0x08004848   0x0000015c   Code   RO          882    i.HAL_SPI_MspInit   spi.o
    0x080049a4   0x080049a4   0x000001e4   Code   RO         7479    i.HAL_SPI_TransmitReceive  stm32f4xx_hal_spi.o
    0x08004b88   0x08004b88   0x00000028   Code   RO         5568    i.HAL_SYSTICK_Config  stm32f4xx_hal_cortex.o
    0x08004bb0   0x08004bb0   0x00000002   Code   RO         8469    i.HAL_TIMEx_BreakCallback  stm32f4xx_hal_tim_ex.o
    0x08004bb2   0x08004bb2   0x00000002   Code   RO         8470    i.HAL_TIMEx_CommutCallback  stm32f4xx_hal_tim_ex.o
    0x08004bb4   0x08004bb4   0x00000054   Code   RO         8472    i.HAL_TIMEx_ConfigBreakDeadTime  stm32f4xx_hal_tim_ex.o
    0x08004c08   0x08004c08   0x00000042   Code   RO         8487    i.HAL_TIMEx_MasterConfigSynchronization  stm32f4xx_hal_tim_ex.o
    0x08004c4a   0x08004c4a   0x00000038   Code   RO         7783    i.HAL_TIM_Base_Init  stm32f4xx_hal_tim.o
    0x08004c82   0x08004c82   0x00000002   PAD
    0x08004c84   0x08004c84   0x000000b8   Code   RO          930    i.HAL_TIM_Base_MspInit  tim.o
    0x08004d3c   0x08004d3c   0x00000024   Code   RO         7786    i.HAL_TIM_Base_Start  stm32f4xx_hal_tim.o
    0x08004d60   0x08004d60   0x00000022   Code   RO         7788    i.HAL_TIM_Base_Start_IT  stm32f4xx_hal_tim.o
    0x08004d82   0x08004d82   0x000000e2   Code   RO         7792    i.HAL_TIM_ConfigClockSource  stm32f4xx_hal_tim.o
    0x08004e64   0x08004e64   0x00000002   Code   RO         7812    i.HAL_TIM_IC_CaptureCallback  stm32f4xx_hal_tim.o
    0x08004e66   0x08004e66   0x0000016e   Code   RO         7826    i.HAL_TIM_IRQHandler  stm32f4xx_hal_tim.o
    0x08004fd4   0x08004fd4   0x00000224   Code   RO          931    i.HAL_TIM_MspPostInit  tim.o
    0x080051f8   0x080051f8   0x00000002   Code   RO         7829    i.HAL_TIM_OC_DelayElapsedCallback  stm32f4xx_hal_tim.o
    0x080051fa   0x080051fa   0x000000da   Code   RO         7850    i.HAL_TIM_PWM_ConfigChannel  stm32f4xx_hal_tim.o
    0x080052d4   0x080052d4   0x00000038   Code   RO         7853    i.HAL_TIM_PWM_Init  stm32f4xx_hal_tim.o
    0x0800530c   0x0800530c   0x00000002   Code   RO         7855    i.HAL_TIM_PWM_MspInit  stm32f4xx_hal_tim.o
    0x0800530e   0x0800530e   0x00000002   Code   RO         7856    i.HAL_TIM_PWM_PulseFinishedCallback  stm32f4xx_hal_tim.o
    0x08005310   0x08005310   0x00000044   Code   RO         7858    i.HAL_TIM_PWM_Start  stm32f4xx_hal_tim.o
    0x08005354   0x08005354   0x0000001c   Code   RO          932    i.HAL_TIM_PeriodElapsedCallback  tim.o
    0x08005370   0x08005370   0x00000002   Code   RO         7869    i.HAL_TIM_TriggerCallback  stm32f4xx_hal_tim.o
    0x08005372   0x08005372   0x00000064   Code   RO         8745    i.HAL_UART_Init     stm32f4xx_hal_uart.o
    0x080053d6   0x080053d6   0x00000002   PAD
    0x080053d8   0x080053d8   0x0000024c   Code   RO         1015    i.HAL_UART_MspInit  usart.o
    0x08005624   0x08005624   0x00000002   Code   RO         1476    i.HardFault_Handler  stm32f4xx_it.o
    0x08005626   0x08005626   0x0000002e   Code   RO         6565    i.I2C_IsAcknowledgeFailed  stm32f4xx_hal_i2c.o
    0x08005654   0x08005654   0x00000124   Code   RO         6575    i.I2C_RequestMemoryRead  stm32f4xx_hal_i2c.o
    0x08005778   0x08005778   0x000000b8   Code   RO         6576    i.I2C_RequestMemoryWrite  stm32f4xx_hal_i2c.o
    0x08005830   0x08005830   0x0000004e   Code   RO         6584    i.I2C_WaitOnBTFFlagUntilTimeout  stm32f4xx_hal_i2c.o
    0x0800587e   0x0800587e   0x0000007a   Code   RO         6585    i.I2C_WaitOnFlagUntilTimeout  stm32f4xx_hal_i2c.o
    0x080058f8   0x080058f8   0x000000a8   Code   RO         6586    i.I2C_WaitOnMasterAddressFlagUntilTimeout  stm32f4xx_hal_i2c.o
    0x080059a0   0x080059a0   0x0000006c   Code   RO         6587    i.I2C_WaitOnRXNEFlagUntilTimeout  stm32f4xx_hal_i2c.o
    0x08005a0c   0x08005a0c   0x0000004e   Code   RO         6589    i.I2C_WaitOnTXEFlagUntilTimeout  stm32f4xx_hal_i2c.o
    0x08005a5a   0x08005a5a   0x00000002   PAD
    0x08005a5c   0x08005a5c   0x00000064   Code   RO         2836    i.INS_cali_gyro     ins_task.o
    0x08005ac0   0x08005ac0   0x00000030   Code   RO         2837    i.INS_set_cali_gyro  ins_task.o
    0x08005af0   0x08005af0   0x0000024c   Code   RO         2838    i.INS_task          ins_task.o
    0x08005d3c   0x08005d3c   0x00000064   Code   RO          582    i.MX_ADC1_Init      adc.o
    0x08005da0   0x08005da0   0x00000064   Code   RO          583    i.MX_ADC3_Init      adc.o
    0x08005e04   0x08005e04   0x00000048   Code   RO          630    i.MX_CAN1_Init      can.o
    0x08005e4c   0x08005e4c   0x00000048   Code   RO          631    i.MX_CAN2_Init      can.o
    0x08005e94   0x08005e94   0x00000024   Code   RO          679    i.MX_CRC_Init       crc.o
    0x08005eb8   0x08005eb8   0x000000ac   Code   RO          719    i.MX_DMA_Init       dma.o
    0x08005f64   0x08005f64   0x0000003c   Code   RO          384    i.MX_FREERTOS_Init  freertos.o
    0x08005fa0   0x08005fa0   0x000001cc   Code   RO          356    i.MX_GPIO_Init      gpio.o
    0x0800616c   0x0800616c   0x00000040   Code   RO          745    i.MX_I2C1_Init      i2c.o
    0x080061ac   0x080061ac   0x00000040   Code   RO          746    i.MX_I2C2_Init      i2c.o
    0x080061ec   0x080061ec   0x00000040   Code   RO          747    i.MX_I2C3_Init      i2c.o
    0x0800622c   0x0800622c   0x00000024   Code   RO          799    i.MX_RNG_Init       rng.o
    0x08006250   0x08006250   0x00000038   Code   RO          841    i.MX_RTC_Init       rtc.o
    0x08006288   0x08006288   0x00000048   Code   RO          883    i.MX_SPI1_Init      spi.o
    0x080062d0   0x080062d0   0x00000048   Code   RO          884    i.MX_SPI2_Init      spi.o
    0x08006318   0x08006318   0x00000064   Code   RO          933    i.MX_TIM10_Init     tim.o
    0x0800637c   0x0800637c   0x000000fc   Code   RO          934    i.MX_TIM1_Init      tim.o
    0x08006478   0x08006478   0x00000098   Code   RO          935    i.MX_TIM3_Init      tim.o
    0x08006510   0x08006510   0x00000098   Code   RO          936    i.MX_TIM4_Init      tim.o
    0x080065a8   0x080065a8   0x000000b8   Code   RO          937    i.MX_TIM5_Init      tim.o
    0x08006660   0x08006660   0x000000dc   Code   RO          938    i.MX_TIM8_Init      tim.o
    0x0800673c   0x0800673c   0x00000038   Code   RO         1016    i.MX_USART1_UART_Init  usart.o
    0x08006774   0x08006774   0x00000040   Code   RO         1017    i.MX_USART3_UART_Init  usart.o
    0x080067b4   0x080067b4   0x00000038   Code   RO         1018    i.MX_USART6_UART_Init  usart.o
    0x080067ec   0x080067ec   0x00000134   Code   RO        10939    i.Matlab_PID_Calc   stm32.o
    0x08006920   0x08006920   0x00000002   Code   RO         1477    i.MemManage_Handler  stm32f4xx_it.o
    0x08006922   0x08006922   0x00000002   Code   RO         1478    i.NMI_Handler       stm32f4xx_it.o
    0x08006924   0x08006924   0x0000000c   Code   RO         1479    i.OTG_FS_IRQHandler  stm32f4xx_it.o
    0x08006930   0x08006930   0x00000064   Code   RO         4227    i.PCD_EP_OutSetupPacket_int  stm32f4xx_hal_pcd.o
    0x08006994   0x08006994   0x000000e8   Code   RO         4228    i.PCD_EP_OutXfrComplete_int  stm32f4xx_hal_pcd.o
    0x08006a7c   0x08006a7c   0x0000009c   Code   RO         4229    i.PCD_WriteEmptyTxFifo  stm32f4xx_hal_pcd.o
    0x08006b18   0x08006b18   0x000002a8   Code   RO         4128    i.PID_Calc          pid.o
    0x08006dc0   0x08006dc0   0x0000005c   Code   RO         4129    i.PID_Init          pid.o
    0x08006e1c   0x08006e1c   0x0000006c   Code   RO         2203    i.RC_Init           bsp_rc.o
    0x08006e88   0x08006e88   0x0000003c   Code   RO         2204    i.RC_restart        bsp_rc.o
    0x08006ec4   0x08006ec4   0x00000014   Code   RO         2205    i.RC_unable         bsp_rc.o
    0x08006ed8   0x08006ed8   0x00000038   Code   RO         7112    i.RTC_EnterInitMode  stm32f4xx_hal_rtc.o
    0x08006f10   0x08006f10   0x00000034   Code   RO         2689    i.RUDDER_MOTOR_PID_CONTROL  chassis_task.o
    0x08006f44   0x08006f44   0x000000a6   Code   RO         2690    i.RUDDER_PID_INIT   chassis_task.o
    0x08006fea   0x08006fea   0x00000002   PAD
    0x08006fec   0x08006fec   0x0000012c   Code   RO         2691    i.RUDDER_POWER_CONTROL  chassis_task.o
    0x08007118   0x08007118   0x00000184   Code   RO         2692    i.Rudder_motor_relative_angle_control  chassis_task.o
    0x0800729c   0x0800729c   0x0000184c   Code   RO         2275    i.SPI1_DMA_enable   bsp_spi.o
    0x08008ae8   0x08008ae8   0x0000010c   Code   RO         2276    i.SPI1_DMA_init     bsp_spi.o
    0x08008bf4   0x08008bf4   0x0000005c   Code   RO         7508    i.SPI_EndRxTxTransaction  stm32f4xx_hal_spi.o
    0x08008c50   0x08008c50   0x00000092   Code   RO         7513    i.SPI_WaitFlagStateUntilTimeout  stm32f4xx_hal_spi.o
    0x08008ce2   0x08008ce2   0x00000002   PAD
    0x08008ce4   0x08008ce4   0x00000028   Code   RO           14    i.SysTick_Config    main.o
    0x08008d0c   0x08008d0c   0x00000018   Code   RO         1480    i.SysTick_Handler   stm32f4xx_it.o
    0x08008d24   0x08008d24   0x000000b4   Code   RO           15    i.SystemClock_Config  main.o
    0x08008dd8   0x08008dd8   0x00000054   Code   RO         1617    i.SystemInit        system_stm32f4xx.o
    0x08008e2c   0x08008e2c   0x0000000c   Code   RO         1481    i.TIM8_UP_TIM13_IRQHandler  stm32f4xx_it.o
    0x08008e38   0x08008e38   0x000000cc   Code   RO         7871    i.TIM_Base_SetConfig  stm32f4xx_hal_tim.o
    0x08008f04   0x08008f04   0x0000001a   Code   RO         7872    i.TIM_CCxChannelCmd  stm32f4xx_hal_tim.o
    0x08008f1e   0x08008f1e   0x00000014   Code   RO         7882    i.TIM_ETR_SetConfig  stm32f4xx_hal_tim.o
    0x08008f32   0x08008f32   0x00000010   Code   RO         7883    i.TIM_ITRx_SetConfig  stm32f4xx_hal_tim.o
    0x08008f42   0x08008f42   0x00000002   PAD
    0x08008f44   0x08008f44   0x00000068   Code   RO         7884    i.TIM_OC1_SetConfig  stm32f4xx_hal_tim.o
    0x08008fac   0x08008fac   0x00000074   Code   RO         7885    i.TIM_OC2_SetConfig  stm32f4xx_hal_tim.o
    0x08009020   0x08009020   0x00000070   Code   RO         7886    i.TIM_OC3_SetConfig  stm32f4xx_hal_tim.o
    0x08009090   0x08009090   0x00000054   Code   RO         7887    i.TIM_OC4_SetConfig  stm32f4xx_hal_tim.o
    0x080090e4   0x080090e4   0x00000022   Code   RO         7889    i.TIM_TI1_ConfigInputStage  stm32f4xx_hal_tim.o
    0x08009106   0x08009106   0x00000024   Code   RO         7891    i.TIM_TI2_ConfigInputStage  stm32f4xx_hal_tim.o
    0x0800912a   0x0800912a   0x00000002   PAD
    0x0800912c   0x0800912c   0x00000314   Code   RO         8772    i.UART_SetConfig    stm32f4xx_hal_uart.o
    0x08009440   0x08009440   0x000000d4   Code   RO         2956    i.USART3_IRQHandler  remote_control.o
    0x08009514   0x08009514   0x0000000e   Code   RO        10540    i.USBD_ClrClassConfig  usbd_core.o
    0x08009522   0x08009522   0x00000026   Code   RO        10678    i.USBD_ClrFeature   usbd_ctlreq.o
    0x08009548   0x08009548   0x00000010   Code   RO        10773    i.USBD_CtlContinueRx  usbd_ioreq.o
    0x08009558   0x08009558   0x00000010   Code   RO        10774    i.USBD_CtlContinueSendData  usbd_ioreq.o
    0x08009568   0x08009568   0x00000018   Code   RO        10679    i.USBD_CtlError     usbd_ctlreq.o
    0x08009580   0x08009580   0x00000016   Code   RO        10776    i.USBD_CtlReceiveStatus  usbd_ioreq.o
    0x08009596   0x08009596   0x0000001a   Code   RO        10777    i.USBD_CtlSendData  usbd_ioreq.o
    0x080095b0   0x080095b0   0x00000016   Code   RO        10778    i.USBD_CtlSendStatus  usbd_ioreq.o
    0x080095c6   0x080095c6   0x0000003a   Code   RO        10680    i.USBD_GetConfig    usbd_ctlreq.o
    0x08009600   0x08009600   0x00000136   Code   RO        10681    i.USBD_GetDescriptor  usbd_ctlreq.o
    0x08009736   0x08009736   0x0000003c   Code   RO        10683    i.USBD_GetStatus    usbd_ctlreq.o
    0x08009772   0x08009772   0x00000024   Code   RO         1136    i.USBD_Get_USB_Status  usbd_conf.o
    0x08009796   0x08009796   0x00000012   Code   RO         1137    i.USBD_LL_ClearStallEP  usbd_conf.o
    0x080097a8   0x080097a8   0x000000d6   Code   RO        10543    i.USBD_LL_DataInStage  usbd_core.o
    0x0800987e   0x0800987e   0x00000086   Code   RO        10544    i.USBD_LL_DataOutStage  usbd_core.o
    0x08009904   0x08009904   0x00000004   Code   RO        10545    i.USBD_LL_DevConnected  usbd_core.o
    0x08009908   0x08009908   0x00000016   Code   RO        10546    i.USBD_LL_DevDisconnected  usbd_core.o
    0x0800991e   0x0800991e   0x00000020   Code   RO         1144    i.USBD_LL_IsStallEP  usbd_conf.o
    0x0800993e   0x0800993e   0x00000004   Code   RO        10547    i.USBD_LL_IsoINIncomplete  usbd_core.o
    0x08009942   0x08009942   0x00000004   Code   RO        10548    i.USBD_LL_IsoOUTIncomplete  usbd_core.o
    0x08009946   0x08009946   0x00000018   Code   RO         1145    i.USBD_LL_OpenEP    usbd_conf.o
    0x0800995e   0x0800995e   0x00000012   Code   RO         1146    i.USBD_LL_PrepareReceive  usbd_conf.o
    0x08009970   0x08009970   0x00000052   Code   RO        10549    i.USBD_LL_Reset     usbd_core.o
    0x080099c2   0x080099c2   0x0000000c   Code   RO        10550    i.USBD_LL_Resume    usbd_core.o
    0x080099ce   0x080099ce   0x00000018   Code   RO        10551    i.USBD_LL_SOF       usbd_core.o
    0x080099e6   0x080099e6   0x00000006   Code   RO        10552    i.USBD_LL_SetSpeed  usbd_core.o
    0x080099ec   0x080099ec   0x00000012   Code   RO         1147    i.USBD_LL_SetUSBAddress  usbd_conf.o
    0x080099fe   0x080099fe   0x0000005a   Code   RO        10553    i.USBD_LL_SetupStage  usbd_core.o
    0x08009a58   0x08009a58   0x00000012   Code   RO         1148    i.USBD_LL_StallEP   usbd_conf.o
    0x08009a6a   0x08009a6a   0x00000010   Code   RO        10554    i.USBD_LL_Suspend   usbd_core.o
    0x08009a7a   0x08009a7a   0x00000012   Code   RO         1151    i.USBD_LL_Transmit  usbd_conf.o
    0x08009a8c   0x08009a8c   0x00000028   Code   RO        10685    i.USBD_ParseSetupRequest  usbd_ctlreq.o
    0x08009ab4   0x08009ab4   0x00000004   Code   RO        10556    i.USBD_RunTestMode  usbd_core.o
    0x08009ab8   0x08009ab8   0x00000058   Code   RO        10686    i.USBD_SetAddress   usbd_ctlreq.o
    0x08009b10   0x08009b10   0x00000018   Code   RO        10557    i.USBD_SetClassConfig  usbd_core.o
    0x08009b28   0x08009b28   0x000000cc   Code   RO        10687    i.USBD_SetConfig    usbd_ctlreq.o
    0x08009bf4   0x08009bf4   0x00000010   Code   RO        10688    i.USBD_SetFeature   usbd_ctlreq.o
    0x08009c04   0x08009c04   0x0000006a   Code   RO        10689    i.USBD_StdDevReq    usbd_ctlreq.o
    0x08009c6e   0x08009c6e   0x000001e4   Code   RO        10690    i.USBD_StdEPReq     usbd_ctlreq.o
    0x08009e52   0x08009e52   0x0000006a   Code   RO        10691    i.USBD_StdItfReq    usbd_ctlreq.o
    0x08009ebc   0x08009ebc   0x00000084   Code   RO         4463    i.USB_ActivateEndpoint  stm32f4xx_ll_usb.o
    0x08009f40   0x08009f40   0x00000034   Code   RO         4465    i.USB_ActivateSetup  stm32f4xx_ll_usb.o
    0x08009f74   0x08009f74   0x00000114   Code   RO         4478    i.USB_EP0StartXfer  stm32f4xx_ll_usb.o
    0x0800a088   0x0800a088   0x00000054   Code   RO         4479    i.USB_EP0_OutStart  stm32f4xx_ll_usb.o
    0x0800a0dc   0x0800a0dc   0x00000058   Code   RO         4480    i.USB_EPClearStall  stm32f4xx_ll_usb.o
    0x0800a134   0x0800a134   0x00000058   Code   RO         4481    i.USB_EPSetStall    stm32f4xx_ll_usb.o
    0x0800a18c   0x0800a18c   0x000001f4   Code   RO         4482    i.USB_EPStartXfer   stm32f4xx_ll_usb.o
    0x0800a380   0x0800a380   0x00000024   Code   RO         4485    i.USB_FlushTxFifo   stm32f4xx_ll_usb.o
    0x0800a3a4   0x0800a3a4   0x00000020   Code   RO         4487    i.USB_GetDevSpeed   stm32f4xx_ll_usb.o
    0x0800a3c4   0x0800a3c4   0x00000008   Code   RO         4489    i.USB_GetMode       stm32f4xx_ll_usb.o
    0x0800a3cc   0x0800a3cc   0x0000000e   Code   RO         4496    i.USB_ReadDevAllInEpInterrupt  stm32f4xx_ll_usb.o
    0x0800a3da   0x0800a3da   0x0000000e   Code   RO         4497    i.USB_ReadDevAllOutEpInterrupt  stm32f4xx_ll_usb.o
    0x0800a3e8   0x0800a3e8   0x00000024   Code   RO         4498    i.USB_ReadDevInEPInterrupt  stm32f4xx_ll_usb.o
    0x0800a40c   0x0800a40c   0x00000010   Code   RO         4499    i.USB_ReadDevOutEPInterrupt  stm32f4xx_ll_usb.o
    0x0800a41c   0x0800a41c   0x00000008   Code   RO         4500    i.USB_ReadInterrupts  stm32f4xx_ll_usb.o
    0x0800a424   0x0800a424   0x0000001e   Code   RO         4501    i.USB_ReadPacket    stm32f4xx_ll_usb.o
    0x0800a442   0x0800a442   0x0000001e   Code   RO         4504    i.USB_SetDevAddress  stm32f4xx_ll_usb.o
    0x0800a460   0x0800a460   0x000000f4   Code   RO         4506    i.USB_SetTurnaroundTime  stm32f4xx_ll_usb.o
    0x0800a554   0x0800a554   0x00000026   Code   RO         4509    i.USB_WritePacket   stm32f4xx_ll_usb.o
    0x0800a57a   0x0800a57a   0x00000002   Code   RO         1482    i.UsageFault_Handler  stm32f4xx_it.o
    0x0800a57c   0x0800a57c   0x00000030   Code   RO        11888    i.__ARM_fpclassify  m_wm.l(fpclassify.o)
    0x0800a5ac   0x0800a5ac   0x00000026   Code   RO        11890    i.__ARM_fpclassifyf  m_wm.l(fpclassifyf.o)
    0x0800a5d2   0x0800a5d2   0x00000020   Code   RO         5570    i.__NVIC_SetPriority  stm32f4xx_hal_cortex.o
    0x0800a5f2   0x0800a5f2   0x00000002   PAD
    0x0800a5f4   0x0800a5f4   0x0000012c   Code   RO        11559    i.__hardfp_asinf    m_wm.l(asinf.o)
    0x0800a720   0x0800a720   0x000002d8   Code   RO        11860    i.__hardfp_atan     m_wm.l(atan.o)
    0x0800a9f8   0x0800a9f8   0x00000200   Code   RO        11571    i.__hardfp_atan2    m_wm.l(atan2.o)
    0x0800abf8   0x0800abf8   0x000002ac   Code   RO        11583    i.__hardfp_atan2f   m_wm.l(atan2f.o)
    0x0800aea4   0x0800aea4   0x00000014   Code   RO        11595    i.__hardfp_fabs     m_wm.l(fabs.o)
    0x0800aeb8   0x0800aeb8   0x00000c50   Code   RO        11601    i.__hardfp_pow      m_wm.l(pow.o)
    0x0800bb08   0x0800bb08   0x0000007a   Code   RO        11627    i.__hardfp_sqrt     m_wm.l(sqrt_full.o)
    0x0800bb82   0x0800bb82   0x0000003a   Code   RO        11633    i.__hardfp_sqrtf    m_wm.l(sqrtf_full.o)
    0x0800bbbc   0x0800bbbc   0x000000f8   Code   RO        11906    i.__kernel_poly     m_wm.l(poly.o)
    0x0800bcb4   0x0800bcb4   0x00000004   PAD
    0x0800bcb8   0x0800bcb8   0x00000030   Code   RO        11874    i.__mathlib_dbl_divzero  m_wm.l(dunder.o)
    0x0800bce8   0x0800bce8   0x00000014   Code   RO        11875    i.__mathlib_dbl_infnan  m_wm.l(dunder.o)
    0x0800bcfc   0x0800bcfc   0x00000014   Code   RO        11876    i.__mathlib_dbl_infnan2  m_wm.l(dunder.o)
    0x0800bd10   0x0800bd10   0x00000020   Code   RO        11877    i.__mathlib_dbl_invalid  m_wm.l(dunder.o)
    0x0800bd30   0x0800bd30   0x00000020   Code   RO        11878    i.__mathlib_dbl_overflow  m_wm.l(dunder.o)
    0x0800bd50   0x0800bd50   0x00000020   Code   RO        11880    i.__mathlib_dbl_underflow  m_wm.l(dunder.o)
    0x0800bd70   0x0800bd70   0x00000006   Code   RO        11893    i.__mathlib_flt_infnan  m_wm.l(funder.o)
    0x0800bd76   0x0800bd76   0x00000006   Code   RO        11894    i.__mathlib_flt_infnan2  m_wm.l(funder.o)
    0x0800bd7c   0x0800bd7c   0x00000010   Code   RO        11895    i.__mathlib_flt_invalid  m_wm.l(funder.o)
    0x0800bd8c   0x0800bd8c   0x00000010   Code   RO        11898    i.__mathlib_flt_underflow  m_wm.l(funder.o)
    0x0800bd9c   0x0800bd9c   0x000001d0   Code   RO        11044    i.accel_comple_filter  AHRS.lib(ahrs.o)
    0x0800bf6c   0x0800bf6c   0x0000018c   Code   RO        11045    i.accel_update_kp_ki  AHRS.lib(ahrs.o)
    0x0800c0f8   0x0800c0f8   0x0000003c   Code   RO         1654    i.adcx_get_chx_value  bsp_adc.o
    0x0800c134   0x0800c134   0x0000016c   Code   RO        11046    i.angle_to_quat     AHRS.lib(ahrs.o)
    0x0800c2a0   0x0800c2a0   0x00000010   Code   RO        11862    i.atan              m_wm.l(atan.o)
    0x0800c2b0   0x0800c2b0   0x0000011c   Code   RO         3214    i.bmi088_accel_init  bmi088driver.o
    0x0800c3cc   0x0800c3cc   0x000002b0   Code   RO         3215    i.bmi088_accel_self_test  bmi088driver.o
    0x0800c67c   0x0800c67c   0x000000dc   Code   RO         3216    i.bmi088_gyro_init  bmi088driver.o
    0x0800c758   0x0800c758   0x000000ca   Code   RO         3217    i.bmi088_gyro_self_test  bmi088driver.o
    0x0800c822   0x0800c822   0x00000002   PAD
    0x0800c824   0x0800c824   0x00000010   Code   RO         1804    i.buzzer_off        bsp_buzzer.o
    0x0800c834   0x0800c834   0x00000010   Code   RO         1805    i.buzzer_on         bsp_buzzer.o
    0x0800c844   0x0800c844   0x0000000a   Code   RO         2387    i.cali_gimbal_hook  calibrate_task.o
    0x0800c84e   0x0800c84e   0x00000002   PAD
    0x0800c850   0x0800c850   0x00000058   Code   RO         2388    i.cali_gyro_hook    calibrate_task.o
    0x0800c8a8   0x0800c8a8   0x00000044   Code   RO         2389    i.cali_head_hook    calibrate_task.o
    0x0800c8ec   0x0800c8ec   0x00000058   Code   RO         1838    i.can_filter_init   bsp_can.o
    0x0800c944   0x0800c944   0x00000410   Code   RO         2693    i.chassic_rudder_preliminary_A_S_solution  chassis_task.o
    0x0800cd54   0x0800cd54   0x00000044   Code   RO         2621    i.chassis_behaviour_control_set  chassis_behaviour.o
    0x0800cd98   0x0800cd98   0x000000b4   Code   RO         2622    i.chassis_behaviour_mode_set  chassis_behaviour.o
    0x0800ce4c   0x0800ce4c   0x000000e0   Code   RO         2694    i.chassis_feedback_update  chassis_task.o
    0x0800cf2c   0x0800cf2c   0x00000028   Code   RO         2623    i.chassis_infantry_follow_gimbal_yaw_control  chassis_behaviour.o
    0x0800cf54   0x0800cf54   0x0000017c   Code   RO         2695    i.chassis_init      chassis_task.o
    0x0800d0d0   0x0800d0d0   0x000000c0   Code   RO         2696    i.chassis_mode_change_control_transit  chassis_task.o
    0x0800d190   0x0800d190   0x00000028   Code   RO         2624    i.chassis_no_move_control  chassis_behaviour.o
    0x0800d1b8   0x0800d1b8   0x000000d4   Code   RO         2697    i.chassis_rc_to_control_vector  chassis_task.o
    0x0800d28c   0x0800d28c   0x00000258   Code   RO         2698    i.chassis_set_contorl  chassis_task.o
    0x0800d4e4   0x0800d4e4   0x0000000a   Code   RO         2699    i.chassis_set_mode  chassis_task.o
    0x0800d4ee   0x0800d4ee   0x00000002   PAD
    0x0800d4f0   0x0800d4f0   0x000000e4   Code   RO         2700    i.chassis_speed_control_set  chassis_task.o
    0x0800d5d4   0x0800d5d4   0x000000c8   Code   RO         2701    i.chassis_task      chassis_task.o
    0x0800d69c   0x0800d69c   0x00000028   Code   RO         2625    i.chassis_zero_force_control  chassis_behaviour.o
    0x0800d6c4   0x0800d6c4   0x00000028   Code   RO         1904    i.delay_init        bsp_delay.o
    0x0800d6ec   0x0800d6ec   0x00000038   Code   RO         1906    i.delay_us          bsp_delay.o
    0x0800d724   0x0800d724   0x00000018   Code   RO        11597    i.fabs              m_wm.l(fabs.o)
    0x0800d73c   0x0800d73c   0x00000012   Code   RO         3696    i.first_order_filter_init  user_lib.o
    0x0800d74e   0x0800d74e   0x00000002   PAD
    0x0800d750   0x0800d750   0x00000008   Code   RO         2505    i.get_Back_L_motor_measure_point  can_receive.o
    0x0800d758   0x0800d758   0x00000008   Code   RO         2506    i.get_Back_R_motor_measure_point  can_receive.o
    0x0800d760   0x0800d760   0x00000008   Code   RO         2507    i.get_Forward_L_motor_measure_point  can_receive.o
    0x0800d768   0x0800d768   0x00000008   Code   RO         2508    i.get_Forward_R_motor_measure_point  can_receive.o
    0x0800d770   0x0800d770   0x000000e8   Code   RO        11047    i.get_angle         AHRS.lib(ahrs.o)
    0x0800d858   0x0800d858   0x00000014   Code   RO         2510    i.get_chassis_motor_measure_point  can_receive.o
    0x0800d86c   0x0800d86c   0x0000000c   Code   RO         2392    i.get_control_temperature  calibrate_task.o
    0x0800d878   0x0800d878   0x00000008   Code   RO         2957    i.get_remote_control_point  remote_control.o
    0x0800d880   0x0800d880   0x00000044   Code   RO         1657    i.get_temprate      bsp_adc.o
    0x0800d8c4   0x0800d8c4   0x0000004c   Code   RO         2844    i.gyro_offset_calc  ins_task.o
    0x0800d910   0x0800d910   0x000000ec   Code   RO         2845    i.imu_cali_slove    ins_task.o
    0x0800d9fc   0x0800d9fc   0x00000108   Code   RO         2846    i.imu_cmd_spi_dma   ins_task.o
    0x0800db04   0x0800db04   0x0000000c   Code   RO         2039    i.imu_pwm_set       bsp_imu_pwm.o
    0x0800db10   0x0800db10   0x000000a8   Code   RO         2847    i.imu_temp_control  ins_task.o
    0x0800dbb8   0x0800dbb8   0x00000002   Code   RO         3442    i.ist8310_GPIO_init  ist8310driver_middleware.o
    0x0800dbba   0x0800dbba   0x00000002   PAD
    0x0800dbbc   0x0800dbbc   0x00000024   Code   RO         3444    i.ist8310_IIC_read_single_reg  ist8310driver_middleware.o
    0x0800dbe0   0x0800dbe0   0x00000024   Code   RO         3446    i.ist8310_IIC_write_single_reg  ist8310driver_middleware.o
    0x0800dc04   0x0800dc04   0x00000010   Code   RO         3447    i.ist8310_RST_H     ist8310driver_middleware.o
    0x0800dc14   0x0800dc14   0x00000010   Code   RO         3448    i.ist8310_RST_L     ist8310driver_middleware.o
    0x0800dc24   0x0800dc24   0x00000002   Code   RO         3449    i.ist8310_com_init  ist8310driver_middleware.o
    0x0800dc26   0x0800dc26   0x00000004   Code   RO         3450    i.ist8310_delay_ms  ist8310driver_middleware.o
    0x0800dc2a   0x0800dc2a   0x00000002   PAD
    0x0800dc2c   0x0800dc2c   0x0000007c   Code   RO         3410    i.ist8310_init      ist8310driver.o
    0x0800dca8   0x0800dca8   0x00000046   Code   RO         3702    i.loop_fp32_constrain  user_lib.o
    0x0800dcee   0x0800dcee   0x00000002   PAD
    0x0800dcf0   0x0800dcf0   0x0000011c   Code   RO           16    i.main              main.o
    0x0800de0c   0x0800de0c   0x0000000c   Code   RO        10032    i.makeFreeRtosPriority  cmsis_os.o
    0x0800de18   0x0800de18   0x00000010   Code   RO        10034    i.osDelay           cmsis_os.o
    0x0800de28   0x0800de28   0x0000000a   Code   RO        10037    i.osKernelStart     cmsis_os.o
    0x0800de32   0x0800de32   0x00000058   Code   RO        10071    i.osThreadCreate    cmsis_os.o
    0x0800de8a   0x0800de8a   0x00000002   PAD
    0x0800de8c   0x0800de8c   0x00000024   Code   RO         9529    i.pcTaskGetName     tasks.o
    0x0800deb0   0x0800deb0   0x00000078   Code   RO         9530    i.prvAddCurrentTaskToDelayedList  tasks.o
    0x0800df28   0x0800df28   0x00000088   Code   RO         9531    i.prvAddNewTaskToReadyList  tasks.o
    0x0800dfb0   0x0800dfb0   0x00000058   Code   RO         9879    i.prvCheckForValidListAndQueue  timers.o
    0x0800e008   0x0800e008   0x0000003c   Code   RO         9532    i.prvCheckTasksWaitingTermination  tasks.o
    0x0800e044   0x0800e044   0x00000028   Code   RO         9192    i.prvCopyDataFromQueue  queue.o
    0x0800e06c   0x0800e06c   0x0000006e   Code   RO         9193    i.prvCopyDataToQueue  queue.o
    0x0800e0da   0x0800e0da   0x00000040   Code   RO         9533    i.prvDeleteTCB      tasks.o
    0x0800e11a   0x0800e11a   0x00000002   PAD
    0x0800e11c   0x0800e11c   0x00000024   Code   RO         9880    i.prvGetNextExpireTime  timers.o
    0x0800e140   0x0800e140   0x0000004c   Code   RO        10411    i.prvHeapInit       heap_4.o
    0x0800e18c   0x0800e18c   0x00000028   Code   RO         9534    i.prvIdleTask       tasks.o
    0x0800e1b4   0x0800e1b4   0x00000018   Code   RO         9196    i.prvInitialiseNewQueue  queue.o
    0x0800e1cc   0x0800e1cc   0x0000009e   Code   RO         9535    i.prvInitialiseNewTask  tasks.o
    0x0800e26a   0x0800e26a   0x00000002   PAD
    0x0800e26c   0x0800e26c   0x00000058   Code   RO         9536    i.prvInitialiseTaskLists  tasks.o
    0x0800e2c4   0x0800e2c4   0x00000054   Code   RO        10412    i.prvInsertBlockIntoFreeList  heap_4.o
    0x0800e318   0x0800e318   0x00000040   Code   RO         9882    i.prvInsertTimerInActiveList  timers.o
    0x0800e358   0x0800e358   0x0000001a   Code   RO         9197    i.prvIsQueueEmpty   queue.o
    0x0800e372   0x0800e372   0x0000001e   Code   RO         9198    i.prvIsQueueFull    queue.o
    0x0800e390   0x0800e390   0x0000005c   Code   RO         9883    i.prvProcessExpiredTimer  timers.o
    0x0800e3ec   0x0800e3ec   0x000000cc   Code   RO         9884    i.prvProcessReceivedCommands  timers.o
    0x0800e4b8   0x0800e4b8   0x0000006c   Code   RO         9885    i.prvProcessTimerOrBlockTask  timers.o
    0x0800e524   0x0800e524   0x00000024   Code   RO         9537    i.prvResetNextTaskUnblockTime  tasks.o
    0x0800e548   0x0800e548   0x0000002c   Code   RO         9886    i.prvSampleTimeNow  timers.o
    0x0800e574   0x0800e574   0x0000005a   Code   RO         9538    i.prvSearchForNameWithinSingleList  tasks.o
    0x0800e5ce   0x0800e5ce   0x00000002   PAD
    0x0800e5d0   0x0800e5d0   0x0000006c   Code   RO         9887    i.prvSwitchTimerLists  timers.o
    0x0800e63c   0x0800e63c   0x0000002c   Code   RO        10461    i.prvTaskExitError  port.o
    0x0800e668   0x0800e668   0x00000014   Code   RO         9888    i.prvTimerTask      timers.o
    0x0800e67c   0x0800e67c   0x0000006a   Code   RO         9199    i.prvUnlockQueue    queue.o
    0x0800e6e6   0x0800e6e6   0x00000002   PAD
    0x0800e6e8   0x0800e6e8   0x000000d4   Code   RO        10413    i.pvPortMalloc      heap_4.o
    0x0800e7bc   0x0800e7bc   0x00000024   Code   RO        10462    i.pxPortInitialiseStack  port.o
    0x0800e7e0   0x0800e7e0   0x00000084   Code   RO        11052    i.quat_normalization  AHRS.lib(ahrs.o)
    0x0800e864   0x0800e864   0x00000090   Code   RO         3703    i.ramp_calc         user_lib.o
    0x0800e8f4   0x0800e8f4   0x0000001a   Code   RO         3704    i.ramp_init         user_lib.o
    0x0800e90e   0x0800e90e   0x00000002   PAD
    0x0800e910   0x0800e910   0x00000010   Code   RO         2958    i.remote_control_init  remote_control.o
    0x0800e920   0x0800e920   0x00000028   Code   RO         2706    i.rudder_control_loop  chassis_task.o
    0x0800e948   0x0800e948   0x000000b4   Code   RO         2959    i.sbus_to_rc        remote_control.o
    0x0800e9fc   0x0800e9fc   0x00000044   Code   RO         2960    i.sbus_to_usart1    remote_control.o
    0x0800ea40   0x0800ea40   0x0000006e   Code   RO        11629    i.sqrt              m_wm.l(sqrt_full.o)
    0x0800eaae   0x0800eaae   0x0000003e   Code   RO        11635    i.sqrtf             m_wm.l(sqrtf_full.o)
    0x0800eaec   0x0800eaec   0x00000018   Code   RO         3033    i.toe_is_error      detect_task.o
    0x0800eb04   0x0800eb04   0x00000068   Code   RO         9542    i.ulTaskNotifyTake  tasks.o
    0x0800eb6c   0x0800eb6c   0x0000007a   Code   RO        11053    i.update_w          AHRS.lib(ahrs.o)
    0x0800ebe6   0x0800ebe6   0x00000002   PAD
    0x0800ebe8   0x0800ebe8   0x00000074   Code   RO         2309    i.usart1_tx_dma_enable  bsp_usart.o
    0x0800ec5c   0x0800ec5c   0x00000026   Code   RO         9152    i.uxListRemove      list.o
    0x0800ec82   0x0800ec82   0x00000002   PAD
    0x0800ec84   0x0800ec84   0x00000014   Code   RO          385    i.vApplicationGetIdleTaskMemory  freertos.o
    0x0800ec98   0x0800ec98   0x00000018   Code   RO          386    i.vApplicationGetTimerTaskMemory  freertos.o
    0x0800ecb0   0x0800ecb0   0x00000016   Code   RO         9153    i.vListInitialise   list.o
    0x0800ecc6   0x0800ecc6   0x00000006   Code   RO         9154    i.vListInitialiseItem  list.o
    0x0800eccc   0x0800eccc   0x00000030   Code   RO         9155    i.vListInsert       list.o
    0x0800ecfc   0x0800ecfc   0x00000018   Code   RO         9156    i.vListInsertEnd    list.o
    0x0800ed14   0x0800ed14   0x00000040   Code   RO        10464    i.vPortEnterCritical  port.o
    0x0800ed54   0x0800ed54   0x0000002c   Code   RO        10465    i.vPortExitCritical  port.o
    0x0800ed80   0x0800ed80   0x0000005c   Code   RO        10414    i.vPortFree         heap_4.o
    0x0800eddc   0x0800eddc   0x00000024   Code   RO        10466    i.vPortSetupTimerInterrupt  port.o
    0x0800ee00   0x0800ee00   0x00000054   Code   RO        10467    i.vPortValidateInterruptPriority  port.o
    0x0800ee54   0x0800ee54   0x00000024   Code   RO         9203    i.vQueueAddToRegistry  queue.o
    0x0800ee78   0x0800ee78   0x00000046   Code   RO         9206    i.vQueueWaitForMessageRestricted  queue.o
    0x0800eebe   0x0800eebe   0x00000002   PAD
    0x0800eec0   0x0800eec0   0x00000050   Code   RO         9548    i.vTaskDelay        tasks.o
    0x0800ef10   0x0800ef10   0x00000010   Code   RO         9552    i.vTaskInternalSetTimeOutState  tasks.o
    0x0800ef20   0x0800ef20   0x0000000c   Code   RO         9553    i.vTaskMissedYield  tasks.o
    0x0800ef2c   0x0800ef2c   0x000000bc   Code   RO         9554    i.vTaskNotifyGiveFromISR  tasks.o
    0x0800efe8   0x0800efe8   0x00000034   Code   RO         9555    i.vTaskPlaceOnEventList  tasks.o
    0x0800f01c   0x0800f01c   0x0000003c   Code   RO         9556    i.vTaskPlaceOnEventListRestricted  tasks.o
    0x0800f058   0x0800f058   0x00000090   Code   RO         9563    i.vTaskStartScheduler  tasks.o
    0x0800f0e8   0x0800f0e8   0x00000010   Code   RO         9565    i.vTaskSuspendAll   tasks.o
    0x0800f0f8   0x0800f0f8   0x00000060   Code   RO         9566    i.vTaskSwitchContext  tasks.o
    0x0800f158   0x0800f158   0x000000f4   Code   RO        10468    i.xPortStartScheduler  port.o
    0x0800f24c   0x0800f24c   0x0000002c   Code   RO        10469    i.xPortSysTickHandler  port.o
    0x0800f278   0x0800f278   0x0000006c   Code   RO         9210    i.xQueueGenericCreateStatic  queue.o
    0x0800f2e4   0x0800f2e4   0x0000008c   Code   RO         9211    i.xQueueGenericReset  queue.o
    0x0800f370   0x0800f370   0x00000164   Code   RO         9212    i.xQueueGenericSend  queue.o
    0x0800f4d4   0x0800f4d4   0x000000be   Code   RO         9213    i.xQueueGenericSendFromISR  queue.o
    0x0800f592   0x0800f592   0x00000002   PAD
    0x0800f594   0x0800f594   0x0000013c   Code   RO         9221    i.xQueueReceive     queue.o
    0x0800f6d0   0x0800f6d0   0x00000090   Code   RO         9568    i.xTaskCheckForTimeOut  tasks.o
    0x0800f760   0x0800f760   0x00000064   Code   RO         9569    i.xTaskCreate       tasks.o
    0x0800f7c4   0x0800f7c4   0x0000005c   Code   RO         9570    i.xTaskCreateStatic  tasks.o
    0x0800f820   0x0800f820   0x00000088   Code   RO         9574    i.xTaskGetHandle    tasks.o
    0x0800f8a8   0x0800f8a8   0x0000001c   Code   RO         9575    i.xTaskGetSchedulerState  tasks.o
    0x0800f8c4   0x0800f8c4   0x0000000c   Code   RO         9576    i.xTaskGetTickCount  tasks.o
    0x0800f8d0   0x0800f8d0   0x000000cc   Code   RO         9578    i.xTaskIncrementTick  tasks.o
    0x0800f99c   0x0800f99c   0x00000098   Code   RO         9581    i.xTaskPriorityDisinherit  tasks.o
    0x0800fa34   0x0800fa34   0x0000007c   Code   RO         9583    i.xTaskRemoveFromEventList  tasks.o
    0x0800fab0   0x0800fab0   0x000000cc   Code   RO         9584    i.xTaskResumeAll    tasks.o
    0x0800fb7c   0x0800fb7c   0x00000068   Code   RO         9893    i.xTimerCreateTimerTask  timers.o
    0x0800fbe4   0x0800fbe4   0x0000006c   Code   RO         9894    i.xTimerGenericCommand  timers.o
    0x0800fc50   0x0800fc50   0x00000018   Code   RO        11825    x$fpl$basic         g_wm.l(basic.o)
    0x0800fc68   0x0800fc68   0x000002c4   Code   RO        11515    x$fpl$d2f           g_wm.l(d2f_clz.o)
    0x0800ff2c   0x0800ff2c   0x0000024c   Code   RO        11517    x$fpl$dadd          g_wm.l(daddsub_clz.o)
    0x08010178   0x08010178   0x0000001c   Code   RO        11976    x$fpl$dcheck1       g_wm.l(dcheck1.o)
    0x08010194   0x08010194   0x00000018   Code   RO        11827    x$fpl$dcmpinf       g_wm.l(dcmpi.o)
    0x080101ac   0x080101ac   0x0000037c   Code   RO        11524    x$fpl$ddiv          g_wm.l(ddiv_clz.o)
    0x08010528   0x08010528   0x00000074   Code   RO        11527    x$fpl$deqf          g_wm.l(deqf.o)
    0x0801059c   0x0801059c   0x000000dc   Code   RO        11529    x$fpl$dfixu         g_wm.l(dfixu.o)
    0x08010678   0x08010678   0x0000002e   Code   RO        11534    x$fpl$dflt          g_wm.l(dflt_clz.o)
    0x080106a6   0x080106a6   0x0000001a   Code   RO        11535    x$fpl$dfltn         g_wm.l(dflt_clz.o)
    0x080106c0   0x080106c0   0x00000026   Code   RO        11533    x$fpl$dfltu         g_wm.l(dflt_clz.o)
    0x080106e6   0x080106e6   0x00000002   PAD
    0x080106e8   0x080106e8   0x00000078   Code   RO        11539    x$fpl$dleqf         g_wm.l(dleqf.o)
    0x08010760   0x08010760   0x000001c0   Code   RO        11541    x$fpl$dmul          g_wm.l(dmul_clz.o)
    0x08010920   0x08010920   0x00000102   Code   RO        11829    x$fpl$dnaninf       g_wm.l(dnaninf.o)
    0x08010a22   0x08010a22   0x00000070   Code   RO        11831    x$fpl$drenorm       g_wm.l(drenorm_clz.o)
    0x08010a92   0x08010a92   0x0000000c   Code   RO        11833    x$fpl$dretinf       g_wm.l(dretinf.o)
    0x08010a9e   0x08010a9e   0x00000062   Code   RO        11543    x$fpl$drleqf        g_wm.l(drleqf.o)
    0x08010b00   0x08010b00   0x00000050   Code   RO        11518    x$fpl$drsb          g_wm.l(daddsub_clz.o)
    0x08010b50   0x08010b50   0x00000208   Code   RO        11835    x$fpl$dsqrt         g_wm.l(dsqrt_umaalclz.o)
    0x08010d58   0x08010d58   0x0000029c   Code   RO        11519    x$fpl$dsub          g_wm.l(daddsub_clz.o)
    0x08010ff4   0x08010ff4   0x0000017a   Code   RO        11837    x$fpl$dunder        g_wm.l(dunder_clz.o)
    0x0801116e   0x0801116e   0x00000002   PAD
    0x08011170   0x08011170   0x000001ec   Code   RO        11839    x$fpl$exception     g_wm.l(except.o)
    0x0801135c   0x0801135c   0x0000007a   Code   RO        11545    x$fpl$f2d           g_wm.l(f2d.o)
    0x080113d6   0x080113d6   0x000000f2   Code   RO        11841    x$fpl$fnaninf       g_wm.l(fnaninf.o)
    0x080114c8   0x080114c8   0x0000000a   Code   RO        11978    x$fpl$fpinit        g_wm.l(fpinit.o)
    0x080114d2   0x080114d2   0x0000000a   Code   RO        11843    x$fpl$fretinf       g_wm.l(fretinf.o)
    0x080114dc   0x080114dc   0x0000013c   Code   RO        11845    x$fpl$funder        g_wm.l(funder_clz.o)
    0x08011618   0x08011618   0x000000b2   Code   RO        11980    x$fpl$retnan        g_wm.l(retnan.o)
    0x080116ca   0x080116ca   0x00000002   PAD
    0x080116cc   0x080116cc   0x00000114   Code   RO        11855    x$fpl$scalbn        g_wm.l(scalbn_clz.o)
    0x080117e0   0x080117e0   0x0000007e   Code   RO        11857    x$fpl$trapveneer    g_wm.l(trapv.o)
    0x0801185e   0x0801185e   0x00000000   Code   RO        11859    x$fpl$usenofp       g_wm.l(usenofp.o)
    0x0801185e   0x0801185e   0x00000002   PAD
    0x08011860   0x08011860   0x00000038   Data   RO          388    .constdata          freertos.o
    0x08011898   0x08011898   0x00000010   Data   RO         1618    .constdata          system_stm32f4xx.o
    0x080118a8   0x080118a8   0x00000008   Data   RO         1619    .constdata          system_stm32f4xx.o
    0x080118b0   0x080118b0   0x00000014   Data   RO         2708    .constdata          chassis_task.o
    0x080118c4   0x080118c4   0x0000000c   Data   RO         2851    .constdata          ins_task.o
    0x080118d0   0x080118d0   0x00000012   Data   RO         3222    .constdata          bmi088driver.o
    0x080118e2   0x080118e2   0x0000000c   Data   RO         3413    .constdata          ist8310driver.o
    0x080118ee   0x080118ee   0x00000008   Data   RO         5287    .constdata          stm32f4xx_hal_dma.o
    0x080118f6   0x080118f6   0x00000002   PAD
    0x080118f8   0x080118f8   0x0000000c   Data   RO        11054    .constdata          AHRS.lib(ahrs.o)
    0x08011904   0x08011904   0x00000804   Data   RO        11408    .constdata          arm_cortexM4lf_math.lib(arm_common_tables.o)
    0x08012108   0x08012108   0x00000088   Data   RO        11604    .constdata          m_wm.l(pow.o)
    0x08012190   0x08012190   0x00000098   Data   RO        11863    .constdata          m_wm.l(atan.o)
    0x08012228   0x08012228   0x00000008   Data   RO        11908    .constdata          m_wm.l(qnan.o)
    0x08012230   0x08012230   0x00000014   Data   RO          389    .conststring        freertos.o
    0x08012244   0x08012244   0x00000020   Data   RO        12115    Region$$Table       anon$$obj.o


    Execution Region RW_IRAM1 (Exec base: 0x20000000, Load base: 0x08012264, Size: 0x0000c4b0, Max: 0x00020000, ABSOLUTE, COMPRESSED[0x000000b4])

    Exec Addr    Load Addr    Size         Type   Attr      Idx    E Section Name        Object

    0x20000000   COMPRESSED   0x0000000c   Data   RW           18    .data               main.o
    0x2000000c   COMPRESSED   0x00000008   Data   RW          391    .data               freertos.o
    0x20000014   COMPRESSED   0x00000004   Data   RW          633    .data               can.o
    0x20000018   COMPRESSED   0x00000008   Data   RW          680    .data               crc.o
    0x20000020   COMPRESSED   0x00000004   Data   RW          940    .data               tim.o
    0x20000024   COMPRESSED   0x00000004   Data   RW         1620    .data               system_stm32f4xx.o
    0x20000028   COMPRESSED   0x00000004   Data   RW         1660    .data               bsp_adc.o
    0x2000002c   COMPRESSED   0x00000008   Data   RW         1907    .data               bsp_delay.o
    0x20000034   COMPRESSED   0x00000054   Data   RW         2399    .data               calibrate_task.o
    0x20000088   COMPRESSED   0x00000021   Data   RW         2512    .data               can_receive.o
    0x200000a9   COMPRESSED   0x00000002   Data   RW         2626    .data               chassis_behaviour.o
    0x200000ab   COMPRESSED   0x00000001   PAD
    0x200000ac   COMPRESSED   0x0000004c   Data   RW         2709    .data               chassis_task.o
    0x200000f8   COMPRESSED   0x000000a0   Data   RW         2853    .data               ins_task.o
    0x20000198   COMPRESSED   0x00000004   Data   RW         2964    .data               remote_control.o
    0x2000019c   COMPRESSED   0x0000002c   Data   RW         3223    .data               bmi088driver.o
    0x200001c8   COMPRESSED   0x0000000c   Data   RW         4135    .data               pid.o
    0x200001d4   COMPRESSED   0x0000000c   Data   RW         5714    .data               stm32f4xx_hal.o
    0x200001e0   COMPRESSED   0x0000003c   Data   RW         9587    .data               tasks.o
    0x2000021c   COMPRESSED   0x00000014   Data   RW         9902    .data               timers.o
    0x20000230   COMPRESSED   0x00000018   Data   RW        10419    .data               heap_4.o
    0x20000248   COMPRESSED   0x0000000c   Data   RW        10470    .data               port.o
    0x20000254   COMPRESSED   0x00000001   Data   RW        10692    .data               usbd_ctlreq.o
    0x20000255   COMPRESSED   0x00000003   PAD
    0x20000258   COMPRESSED   0x00000010   Data   RW        11055    .data               AHRS.lib(ahrs.o)
    0x20000268        -       0x000006a8   Zero   RW          387    .bss                freertos.o
    0x20000910        -       0x00000090   Zero   RW          584    .bss                adc.o
    0x200009a0        -       0x00000050   Zero   RW          632    .bss                can.o
    0x200009f0        -       0x0000015c   Zero   RW          748    .bss                i2c.o
    0x20000b4c        -       0x00000010   Zero   RW          800    .bss                rng.o
    0x20000b5c        -       0x00000020   Zero   RW          842    .bss                rtc.o
    0x20000b7c        -       0x00000170   Zero   RW          885    .bss                spi.o
    0x20000cec        -       0x00000180   Zero   RW          939    .bss                tim.o
    0x20000e6c        -       0x00000240   Zero   RW         1019    .bss                usart.o
    0x200010ac        -       0x00000408   Zero   RW         1152    .bss                usbd_conf.o
    0x200014b4        -       0x00000010   Zero   RW         1659    .bss                bsp_adc.o
    0x200014c4        -       0x00000060   Zero   RW         2313    .bss                bsp_usart.o
    0x20001524        -       0x00000018   Zero   RW         2394    .bss                calibrate_task.o
    0x2000153c        -       0x00000018   Zero   RW         2395    .bss                calibrate_task.o
    0x20001554        -       0x00000018   Zero   RW         2396    .bss                calibrate_task.o
    0x2000156c        -       0x000000d0   Zero   RW         2511    .bss                can_receive.o
    0x2000163c        -       0x000007a0   Zero   RW         2707    .bss                chassis_task.o
    0x20001ddc        -       0x00000138   Zero   RW         2848    .bss                ins_task.o
    0x20001f14        -       0x00000072   Zero   RW         2963    .bss                remote_control.o
    0x20001f86        -       0x00000288   Zero   RW         3034    .bss                detect_task.o
    0x2000220e   COMPRESSED   0x00000002   PAD
    0x20002210        -       0x00000040   Zero   RW         9224    .bss                queue.o
    0x20002250        -       0x000000f0   Zero   RW         9586    .bss                tasks.o
    0x20002340        -       0x00000110   Zero   RW         9901    .bss                timers.o
    0x20002450        -       0x00006000   Zero   RW        10418    .bss                heap_4.o
    0x20008450        -       0x00000060   Zero   RW        11915    .bss                c_w.l(libspace.o)
    0x200084b0        -       0x00002000   Zero   RW            2    HEAP                startup_stm32f407xx.o
    0x2000a4b0        -       0x00002000   Zero   RW            1    STACK               startup_stm32f407xx.o


==============================================================================

Image component sizes


      Code (inc. data)   RO Data    RW Data    ZI Data      Debug   Object Name

       324         40          0          0        144       2414   adc.o
        70          6          0          0          0       5256   ahrs_middleware.o
      2144         36         18         44          0      11223   bmi088driver.o
       108         28          0          0          0       4832   bmi088middleware.o
       128         24          0          4         16     615732   bsp_adc.o
        32         10          0          0          0       1033   bsp_buzzer.o
        88          8          0          0          0        606   bsp_can.o
        96         20          0          8          0       1348   bsp_delay.o
        88         12          0          0          0        562   bsp_i2c.o
        12          4          0          0          0        522   bsp_imu_pwm.o
       188         28          0          0          0       2087   bsp_rc.o
      6488         86          0          0          0       5466   bsp_spi.o
       116         14          0          0         96       1379   bsp_usart.o
       178         14          0         84         72      15302   calibrate_task.o
       400         46          0          4         80       2578   can.o
      1088         92          0         33        208      18636   can_receive.o
       368         32          0          2          0      12099   chassis_behaviour.o
      5002        282         20         76       1952      21969   chassis_task.o
       126          0          0          0          0      22223   cmsis_os.o
        76         18          0          8          0       1575   crc.o
        24          6          0          0        648       1262   detect_task.o
       172          4          0          0          0        890   dma.o
         0          0          0          0          0      17912   event_groups.o
       104         18         76          8       1704     773613   freertos.o
       460         28          0          0          0       1287   gpio.o
       464         22          0         24      24576       5039   heap_4.o
       580         82          0          0        348       3288   i2c.o
      2824        146         12        160        312      12696   ins_task.o
       124          4         12          0          0       1563   ist8310driver.o
       112         22          0          0          0       4035   ist8310driver_middleware.o
       138          0          0          0          0       3702   list.o
       506         40          0         12          0     790964   main.o
       814         12          0         12          0       3502   pid.o
       786         84          0         12          0      12229   port.o
      1552         20          0          0         64      15348   queue.o
       484         44          0          4        114       5588   remote_control.o
        76         18          0          0         16       1575   rng.o
        80         18          0          0         32       1527   rtc.o
       492         44          0          0        368       2700   spi.o
        64         26        392          0      16384        868   startup_stm32f407xx.o
       308         20          0          0          0       9739   stm32.o
       148         24          0         12          0       4077   stm32f4xx_hal.o
      1160         50          0          0          0       5326   stm32f4xx_hal_adc.o
      1768          6          0          0          0      15107   stm32f4xx_hal_can.o
       198         14          0          0          0      34183   stm32f4xx_hal_cortex.o
        40          0          0          0          0       1103   stm32f4xx_hal_crc.o
       840         14          8          0          0       4428   stm32f4xx_hal_dma.o
       490         52          0          0          0       3211   stm32f4xx_hal_gpio.o
      2440         48          0          0          0      12602   stm32f4xx_hal_i2c.o
        56          4          0          0          0        874   stm32f4xx_hal_msp.o
      1958         20          0          0          0      10467   stm32f4xx_hal_pcd.o
         2          0          0          0          0       1025   stm32f4xx_hal_pcd_ex.o
      1420         72          0          0          0       6360   stm32f4xx_hal_rcc.o
       328         22          0          0          0       1540   stm32f4xx_hal_rcc_ex.o
        52          0          0          0          0       1135   stm32f4xx_hal_rng.o
       292          4          0          0          0       2808   stm32f4xx_hal_rtc.o
       852         10          0          0          0       4681   stm32f4xx_hal_spi.o
      1822         90          0          0          0      17769   stm32f4xx_hal_tim.o
       154          0          0          0          0       3437   stm32f4xx_hal_tim_ex.o
       888          8          0          0          0       1924   stm32f4xx_hal_uart.o
       144         42          0          0          0       8770   stm32f4xx_it.o
      1726         96          0          0          0      15805   stm32f4xx_ll_usb.o
        84         18         24          4          0       1227   system_stm32f4xx.o
      2792        200          0         60        240      30731   tasks.o
      1820        152          0          4        384       7567   tim.o
       976         86          0         20        272      27783   timers.o
       764         80          0          0        576       3684   usart.o
         0          0          0          0          0       4564   usb_device.o
       376          4          0          0       1032      12389   usbd_conf.o
       654          0          0          0          0      11175   usbd_core.o
      1534         30          0          1          0      10559   usbd_ctlreq.o
       102          0          0          0          0       3944   usbd_ioreq.o
       258          0          0          0          0       3336   user_lib.o

    ----------------------------------------------------------------------
     53500       2604        596        600      49640    2689760   Object Totals
         0          0         32          0          0          0   (incl. Generated)
        78          0          2          4          2          0   (incl. Padding)

    ----------------------------------------------------------------------

      Code (inc. data)   RO Data    RW Data    ZI Data      Debug   Library Member Name

      2718         84         12         16          0       9922   ahrs.o
         0          0       2052          0          0       4636   arm_common_tables.o
       120         12          0          0          0      16970   arm_cos_f32.o
       116         12          0          0          0        658   arm_sin_f32.o
        90          0          0          0          0          0   __dczerorl2.o
         8          0          0          0          0         68   __main.o
         0          0          0          0          0          0   __rtentry.o
        12          0          0          0          0          0   __rtentry2.o
         6          0          0          0          0          0   __rtentry4.o
        52          8          0          0          0          0   __scatter.o
        28          0          0          0          0          0   __scatter_zi.o
        48          4          0          0          0         84   _fptrap.o
        22          0          0          0          0        100   _rserrno.o
        16          0          0          0          0         68   aeabi_memset.o
        10          0          0          0          0         68   defsig_exit.o
       172        110          0          0          0         76   defsig_fpe_inner.o
        14          0          0          0          0         80   defsig_fpe_outer.o
        50          0          0          0          0         88   defsig_general.o
        18          0          0          0          0         80   exit.o
         6          0          0          0          0        152   heapauxi.o
         0          0          0          0          0          0   indicate_semi.o
         2          0          0          0          0          0   libinit.o
         6          0          0          0          0          0   libinit2.o
         2          0          0          0          0          0   libshutdown.o
         2          0          0          0          0          0   libshutdown2.o
         8          4          0          0         96         68   libspace.o
       238          0          0          0          0        100   lludivv7m.o
         8          4          0          0          0         68   rt_errno_addr_intlibspace.o
        68          0          0          0          0         68   rt_memclr.o
        78          0          0          0          0         80   rt_memclr_w.o
       138          0          0          0          0         68   rt_memcpy_v6.o
       100          0          0          0          0         80   rt_memcpy_w.o
         2          0          0          0          0          0   rtexit.o
        10          0          0          0          0          0   rtexit2.o
        62          0          0          0          0         76   strlen.o
        12          4          0          0          0         68   sys_exit.o
        74          0          0          0          0         80   sys_stackheap_outer.o
        14          0          0          0          0         76   sys_wrch.o
         2          0          0          0          0         68   use_no_semi.o
        24          0          0          0          0        164   basic.o
       708         16          0          0          0        140   d2f_clz.o
      1336         32          0          0          0        532   daddsub_clz.o
        28          0          0          0          0        116   dcheck1.o
        24          0          0          0          0        116   dcmpi.o
       892        152          0          0          0        292   ddiv_clz.o
       116          8          0          0          0        140   deqf.o
       220         16          0          0          0        192   dfixu.o
       110          0          0          0          0        348   dflt_clz.o
       120          8          0          0          0        140   dleqf.o
       448         16          0          0          0        164   dmul_clz.o
       258          4          0          0          0        156   dnaninf.o
       112          0          0          0          0        160   drenorm_clz.o
        12          0          0          0          0        116   dretinf.o
        98          0          0          0          0        128   drleqf.o
       520         56          0          0          0        180   dsqrt_umaalclz.o
       378          0          0          0          0        168   dunder_clz.o
       492         36          0          0          0        148   except.o
       122          8          0          0          0        132   f2d.o
       242          4          0          0          0        144   fnaninf.o
        10          0          0          0          0        116   fpinit.o
        10          0          0          0          0        116   fretinf.o
       316          0          0          0          0        132   funder_clz.o
       178          0          0          0          0        116   retnan.o
       276          4          0          0          0        124   scalbn_clz.o
       126          0          0          0          0        148   trapv.o
         0          0          0          0          0          0   usenofp.o
       300         42          0          0          0        176   asinf.o
       744        106        152          0          0        352   atan.o
       512         64          0          0          0        208   atan2.o
       684         90          0          0          0        208   atan2f.o
       184         44          0          0          0        744   dunder.o
        44          0          0          0          0        248   fabs.o
        48          0          0          0          0        124   fpclassify.o
        38          0          0          0          0        116   fpclassifyf.o
        44         12          0          0          0        464   funder.o
       248          0          0          0          0        152   poly.o
      3152        296        136          0          0        352   pow.o
         0          0          8          0          0          0   qnan.o
       232          0          0          0          0        296   sqrt_full.o
       120          0          0          0          0        272   sqrtf_full.o

    ----------------------------------------------------------------------
     17884       1256       2360         16         96      42090   Library Totals
        26          0          0          0          0          0   (incl. Padding)

    ----------------------------------------------------------------------

      Code (inc. data)   RO Data    RW Data    ZI Data      Debug   Library Name

      2718         84         12         16          0       9922   AHRS.lib
       236         24       2052          0          0      22264   arm_cortexM4lf_math.lib
      1378        134          0          0         96       1764   c_w.l
      7176        360          0          0          0       4428   g_wm.l
      6350        654        296          0          0       3712   m_wm.l

    ----------------------------------------------------------------------
     17884       1256       2360         16         96      42090   Library Totals

    ----------------------------------------------------------------------

==============================================================================


      Code (inc. data)   RO Data    RW Data    ZI Data      Debug   

     71384       3860       2956        616      49736    2683814   Grand Totals
     71384       3860       2956        180      49736    2683814   ELF Image Totals (compressed)
     71384       3860       2956        180          0          0   ROM Totals

==============================================================================

    Total RO  Size (Code + RO Data)                74340 (  72.60kB)
    Total RW  Size (RW Data + ZI Data)             50352 (  49.17kB)
    Total ROM Size (Code + RO Data + RW Data)      74520 (  72.77kB)

==============================================================================

